Archive member included because of file (symbol)

D:/SDKs/SDK11.16.4.02/SDKTPLUS/HW_T2/gnu_434/lib/eft30tplus.lib(DisplayFooter.o)
                              Obj/GNU_ARM_DEBUG_T2/Menu.o (DisplayFooter)
D:/SDKs/SDK11.16.4.02/SDKTPLUS/HW_T2/gnu_434/lib/eft30tplus.lib(DisplayHeader.o)
                              Obj/GNU_ARM_DEBUG_T2/Menu.o (DisplayHeader)
D:/SDKs/SDK11.16.4.02/SDKTPLUS/HW_T2/gnu_434/lib/eft30tplus.lib(DisplayLeds.o)
                              Obj/GNU_ARM_DEBUG_T2/Menu.o (DisplayLeds)
D:/SDKs/SDK11.16.4.02/SDKTPLUS/HW_T2/gnu_434/lib/eft30tplus.lib(Telium_Read_date.o)
                              Obj/GNU_ARM_DEBUG_T2/Entry.o (Telium_Read_date)
D:/SDKs/SDK11.16.4.02/SDKTPLUS/HW_T2/gnu_434/lib/eft30tplus.lib(IsColorDisplay.o)
                              Obj/GNU_ARM_DEBUG_T2/Goal.o (IsColorDisplay)
D:/SDKs/SDK11.16.4.02/SDKTPLUS/HW_T2/gnu_434/lib/eft30tplus.lib(IsISO1.o)
                              Obj/GNU_ARM_DEBUG_T2/Cashback.o (IsISO1)
D:/SDKs/SDK11.16.4.02/SDKTPLUS/HW_T2/gnu_434/lib/eft30tplus.lib(IsISO2.o)
                              Obj/GNU_ARM_DEBUG_T2/Cashback.o (IsISO2)
D:/SDKs/SDK11.16.4.02/SDKTPLUS/HW_T2/gnu_434/lib/eft30tplus.lib(IsISO3.o)
                              Obj/GNU_ARM_DEBUG_T2/Cashback.o (IsISO3)
D:/SDKs/SDK11.16.4.02/SDKTPLUS/HW_T2/gnu_434/lib/eft30tplus.lib(IsPrinter.o)
                              Obj/GNU_ARM_DEBUG_T2/Goal.o (IsPrinter)
D:/SDKs/SDK11.16.4.02/SDKTPLUS/HW_T2/gnu_434/lib/eft30tplus.lib(Telium_ServiceRegister.o)
                              Obj/GNU_ARM_DEBUG_T2/Entry.o (Telium_ServiceRegister)
D:/SDKs/SDK11.16.4.02/SDKTPLUS/HW_T2/gnu_434/lib/eft30tplus.lib(Telium_Atoi.o)
                              Obj/GNU_ARM_DEBUG_T2/DateScreen.o (atoi)
D:/SDKs/SDK11.16.4.02/SDKTPLUS/HW_T2/gnu_434/lib/eft30tplus.lib(Telium_Pprintf.o)
                              Obj/GNU_ARM_DEBUG_T2/Entry.o (Telium_Pprintf)
D:/SDKs/SDK11.16.4.02/SDKTPLUS/HW_T2/gnu_434/lib/eft30tplus.lib(Telium_Stdprt.o)
                              D:/SDKs/SDK11.16.4.02/SDKTPLUS/HW_T2/gnu_434/lib/eft30tplus.lib(Telium_Pprintf.o) (Telium_Stdprt)
D:/SDKs/SDK11.16.4.02/SDKTPLUS/HW_T2/gnu_434/lib/eft30tplus.lib(Telium_Sprintf.o)
                              Obj/GNU_ARM_DEBUG_T2/Sales.o (Telium_Sprintf)
D:/SDKs/SDK11.16.4.02/SDKTPLUS/HW_T2/gnu_434/lib/eft30tplus.lib(sprintf.o)
                              Obj/GNU_ARM_DEBUG_T2/Entry.o (sprintf)
D:/SDKs/SDK11.16.4.02/SDKTPLUS/HW_T2/gnu_434/lib/eft30tplus.lib(extenstp1.o)
                              D:/SDKs/SDK11.16.4.02/SDKTPLUS/HW_T2/gnu_434/lib/eft30tplus.lib(DisplayFooter.o) (extenslib_open)
D:/SDKs/SDK11.16.4.02/SDKTPLUS/HW_T2/gnu_434/lib/eft30tplus.lib(toolstp1.o)
                              D:/SDKs/SDK11.16.4.02/SDKTPLUS/HW_T2/gnu_434/lib/eft30tplus.lib(Telium_Read_date.o) (toolslib_open)
D:/SDKs/SDK11.16.4.02/SDKTPLUS/HW_T2/gnu_434/lib/TRAP_TELIUM_PLUS.LIB(ApplicationGetCurrent.o)
                              Obj/GNU_ARM_DEBUG_T2/Main.o (ApplicationGetCurrent)
D:/SDKs/SDK11.16.4.02/SDKTPLUS/HW_T2/gnu_434/lib/TRAP_TELIUM_PLUS.LIB(FS_close.o)
                              Obj/GNU_ARM_DEBUG_T2/Entry.o (FS_close)
D:/SDKs/SDK11.16.4.02/SDKTPLUS/HW_T2/gnu_434/lib/TRAP_TELIUM_PLUS.LIB(FS_length.o)
                              Obj/GNU_ARM_DEBUG_T2/Entry.o (FS_length)
D:/SDKs/SDK11.16.4.02/SDKTPLUS/HW_T2/gnu_434/lib/TRAP_TELIUM_PLUS.LIB(FS_mount.o)
                              Obj/GNU_ARM_DEBUG_T2/Entry.o (FS_mount)
D:/SDKs/SDK11.16.4.02/SDKTPLUS/HW_T2/gnu_434/lib/TRAP_TELIUM_PLUS.LIB(FS_open.o)
                              Obj/GNU_ARM_DEBUG_T2/Entry.o (FS_open)
D:/SDKs/SDK11.16.4.02/SDKTPLUS/HW_T2/gnu_434/lib/TRAP_TELIUM_PLUS.LIB(FS_read.o)
                              Obj/GNU_ARM_DEBUG_T2/Entry.o (FS_read)
D:/SDKs/SDK11.16.4.02/SDKTPLUS/HW_T2/gnu_434/lib/TRAP_TELIUM_PLUS.LIB(FS_unmount.o)
                              Obj/GNU_ARM_DEBUG_T2/Entry.o (FS_unmount)
D:/SDKs/SDK11.16.4.02/SDKTPLUS/HW_T2/gnu_434/lib/TRAP_TELIUM_PLUS.LIB(ObjectGetInfo.o)
                              Obj/GNU_ARM_DEBUG_T2/Entry.o (ObjectGetInfo)
D:/SDKs/SDK11.16.4.02/SDKTPLUS/HW_T2/gnu_434/lib/TRAP_TELIUM_PLUS.LIB(Telium_EMV_apdu.o)
                              Obj/GNU_ARM_DEBUG_T2/SmartCard.o (Telium_EMV_apdu)
D:/SDKs/SDK11.16.4.02/SDKTPLUS/HW_T2/gnu_434/lib/TRAP_TELIUM_PLUS.LIB(Telium_EMV_power_on.o)
                              Obj/GNU_ARM_DEBUG_T2/SmartCard.o (Telium_EMV_power_on)
D:/SDKs/SDK11.16.4.02/SDKTPLUS/HW_T2/gnu_434/lib/TRAP_TELIUM_PLUS.LIB(Telium_Exit.o)
                              D:/SDKs/SDK11.16.4.02/SDKTPLUS/HW_T2/gnu_434/lib/eft30tplus.lib(IsColorDisplay.o) (Telium_Exit)
D:/SDKs/SDK11.16.4.02/SDKTPLUS/HW_T2/gnu_434/lib/TRAP_TELIUM_PLUS.LIB(Telium_Fclose.o)
                              Obj/GNU_ARM_DEBUG_T2/Entry.o (Telium_Fclose)
D:/SDKs/SDK11.16.4.02/SDKTPLUS/HW_T2/gnu_434/lib/TRAP_TELIUM_PLUS.LIB(Telium_Fopen.o)
                              Obj/GNU_ARM_DEBUG_T2/Entry.o (Telium_Fopen)
[...]
Memory Configuration

Name             Origin             Length             Attributes
*default*        0x00000000         0xffffffff

Linker script and memory map

                0x00001000                . = 0x1000
                0x00001000                __text_start = .

.text           0x00001000     0xedb8
 *(.first)
 .first         0x00001000       0x8c D:/SDKs/SDK11.16.4.02/SDKTPLUS/HW_T2/gnu_434/startfiles/cstartupTplus.o
                0x00001000                _start
 *(.text .text.*)
 .text          0x0000108c      0x104 D:/SDKs/SDK11.16.4.02/SDKTPLUS/HW_T2/gnu_434/startfiles/cstartupTplus.o
                0x0000113c                __stack_chk_fail
 .text          0x00001190       0xc0 D:/SDKs/SDK11.16.4.02/SDKTPLUS/HW_T2/gnu_434/startfiles/libcpatch.o
                0x00001190                _calloc_r
                0x000011e0                _free_r
                0x000011fc                _malloc_r
                0x00001224                _realloc_r
 .text          0x00001250      0x2a8 Obj/GNU_ARM_DEBUG_T2/Main.o
                0x00001250                Main
 .text          0x000014f8      0xfe8 Obj/GNU_ARM_DEBUG_T2/Entry.o
                0x000014f8                give_your_domain
                0x0000155c                after_reset
                0x000015b8                is_name
                0x00001654                is_state
                0x000016ac                idle_message
                0x00001760                more_function
                0x00001794                keyboard_event
                0x00001800                state
                0x000018e4                consult
                0x00001998                mcall
                0x00001a4c                is_time_function
                0x00001aa4                time_function
                0x00001b18                is_change_init
                0x00001ba8                modif_param
                0x00001c38                is_evol_pg
                0x00001c90                is_delete
                0x00001cc8                file_received
                0x00001e48                message_received
                0x00001f00                is_card_specific
                0x00001f58                card_inside
                0x00001fac                is_for_you_after
                0x0000214c                debit_non_emv
                0x000022b8                give_your_specific_context
                0x000023d8                give_interface
                0x0000243c                entry
 .text          0x000024e0      0x1e4 Obj/GNU_ARM_DEBUG_T2/Menu.o
                0x000024e0                menuGoalDisplay
                0x00002598                initUIContext
                0x00002640                releaseUIContext
 .text          0x000026c4      0x38c Obj/GNU_ARM_DEBUG_T2/DateScreen.o
                0x000026c4                dateScreenUseGoalResource
 .text          0x00002a50       0xd4 Obj/GNU_ARM_DEBUG_T2/Utils.o
                0x00002a50                utilsCheckDate
 .text          0x00002b24      0x80c Obj/GNU_ARM_DEBUG_T2/Sales.o
                0x00002b24                sale
 .text          0x00003330      0x6e8 Obj/GNU_ARM_DEBUG_T2/BillPayment.o
                0x00003330                billpayment
 .text          0x00003a18      0xf74 Obj/GNU_ARM_DEBUG_T2/Cashback.o
                0x00003a18                cashback
 .text          0x0000498c     0x29e0 Obj/GNU_ARM_DEBUG_T2/Goal.o
                0x00004aec                GoalCreateScreen
                0x00004efc                GoalClrScreen
                0x00005130                GoalRefreshScreen
                0x00005160                GoalDspLine
                0x000055d4                GoalDspMultiLine
                0x000057b8                GoalGetKey
                0x00005b30                GoalDestroyScreen
                0x00005b64                GoalCreateDrawing
                0x00005d94                GoalClrDrawing
                0x00005ec8                GoalDrawLine
                0x00006058                GoalDrawRect
                0x000061fc                GoalDrawEllipse
                0x000063a0                GoalDrawText
                0x00006588                GoalDestroyDrawing
                0x000065bc                GoalCreatePicture
                0x00006818                GoalClrPicture
                0x00006998                GoalDspPicture
                0x00006cd4                GoalDestroyPicture
                0x00006d08                GoalCreateDocument
                0x00006d8c                GoalPrnLine
                0x00006fcc                GoalPrnMultiLine
                0x0000721c                GoalPrnPicture
                0x000072dc                GoalPrnDocument
                0x00007338                GoalDestroyDocument
 .text          0x0000736c      0xa58 Obj/GNU_ARM_DEBUG_T2/SmartCard.o
                0x0000736c                ResetPeripherals
                0x000073f4                Smarts
 .text          0x00007dc4      0x3a0 Obj/GNU_ARM_DEBUG_T2/Timer.o
                0x00007dc4                TimerStart
                0x00007eb4                TimerGet
                0x00007f4c                TimerStop
                0x00007fa4                Timer
 .text          0x00008164      0x598 Obj/GNU_ARM_DEBUG_T2/Smarts.o
                0x00008164                checkISO
                0x00008270                swipeOrCard
                0x000082bc                waitCard
 .text          0x000086fc      0xe18 Obj/GNU_ARM_DEBUG_T2/Sale.o
                0x000086fc                IsoError
                0x000087c4                Smart
 .text          0x00009514       0x5c D:/SDKs/SDK11.16.4.02/SDKTPLUS/HW_T2/gnu_434/lib/eft30tplus.lib(DisplayFooter.o)
                0x00009524                DisplayFooter
 .text          0x00009570       0x5c D:/SDKs/SDK11.16.4.02/SDKTPLUS/HW_T2/gnu_434/lib/eft30tplus.lib(DisplayHeader.o)
                0x00009580                DisplayHeader
 .text          0x000095cc       0x58 D:/SDKs/SDK11.16.4.02/SDKTPLUS/HW_T2/gnu_434/lib/eft30tplus.lib(DisplayLeds.o)
                0x000095d8                DisplayLeds
 .text          0x00009624       0x60 D:/SDKs/SDK11.16.4.02/SDKTPLUS/HW_T2/gnu_434/lib/eft30tplus.lib(Telium_Read_date.o)
                0x00009638                Telium_Read_date
 .text          0x00009684       0x64 D:/SDKs/SDK11.16.4.02/SDKTPLUS/HW_T2/gnu_434/lib/eft30tplus.lib(IsColorDisplay.o)
                0x00009694                IsColorDisplay
 .text          0x000096e8       0x5c D:/SDKs/SDK11.16.4.02/SDKTPLUS/HW_T2/gnu_434/lib/eft30tplus.lib(IsISO1.o)
                0x000096f0                IsISO1
 .text          0x00009744       0x5c D:/SDKs/SDK11.16.4.02/SDKTPLUS/HW_T2/gnu_434/lib/eft30tplus.lib(IsISO2.o)
                0x0000974c                IsISO2
 .text          0x000097a0       0x5c D:/SDKs/SDK11.16.4.02/SDKTPLUS/HW_T2/gnu_434/lib/eft30tplus.lib(IsISO3.o)
                0x000097a8                IsISO3
 .text          0x000097fc       0x60 D:/SDKs/SDK11.16.4.02/SDKTPLUS/HW_T2/gnu_434/lib/eft30tplus.lib(IsPrinter.o)
                0x00009808                IsPrinter
 .text          0x0000985c       0x64 D:/SDKs/SDK11.16.4.02/SDKTPLUS/HW_T2/gnu_434/lib/eft30tplus.lib(Telium_ServiceRegister.o)
                0x00009874                Telium_ServiceRegister
 .text          0x000098c0       0x50 D:/SDKs/SDK11.16.4.02/SDKTPLUS/HW_T2/gnu_434/lib/eft30tplus.lib(Telium_Atoi.o)
                0x000098c0                atol
                0x00009904                atoi
 .text          0x00009910       0x34 D:/SDKs/SDK11.16.4.02/SDKTPLUS/HW_T2/gnu_434/lib/eft30tplus.lib(Telium_Pprintf.o)
                0x00009910                Telium_Pprintf
 .text          0x00009944       0x20 D:/SDKs/SDK11.16.4.02/SDKTPLUS/HW_T2/gnu_434/lib/eft30tplus.lib(Telium_Stdprt.o)
                0x0000994c                Telium_Stdprt
 .text          0x00009964       0x20 D:/SDKs/SDK11.16.4.02/SDKTPLUS/HW_T2/gnu_434/lib/eft30tplus.lib(Telium_Sprintf.o)
                0x00009964                Telium_Sprintf
 .text          0x00009984       0x20 D:/SDKs/SDK11.16.4.02/SDKTPLUS/HW_T2/gnu_434/lib/eft30tplus.lib(sprintf.o)
                0x00009984                sprintf
 .text          0x000099a4       0x74 D:/SDKs/SDK11.16.4.02/SDKTPLUS/HW_T2/gnu_434/lib/eft30tplus.lib(extenstp1.o)
                0x000099a4                extenslib_close
                0x000099b8                extenslib_open
                0x000099f4                GetProcAddressExtens
 .text          0x00009a18       0x78 D:/SDKs/SDK11.16.4.02/SDKTPLUS/HW_T2/gnu_434/lib/eft30tplus.lib(toolstp1.o)
                0x00009a18                toolslib_close
                0x00009a2c                toolslib_open
                0x00009a6c                GetProcAddressTools
 .text          0x00009a90        0xe D:/SDKs/SDK11.16.4.02/SDKTPLUS/HW_T2/gnu_434/lib/TRAP_TELIUM_PLUS.LIB(ApplicationGetCurrent.o)
                0x00009a90                ApplicationGetCurrent
 .text          0x00009a9e        0xe D:/SDKs/SDK11.16.4.02/SDKTPLUS/HW_T2/gnu_434/lib/TRAP_TELIUM_PLUS.LIB(FS_close.o)
                0x00009a9e                FS_close
 .text          0x00009aac        0xe D:/SDKs/SDK11.16.4.02/SDKTPLUS/HW_T2/gnu_434/lib/TRAP_TELIUM_PLUS.LIB(FS_length.o)
                0x00009aac                FS_length
 .text          0x00009aba        0xe D:/SDKs/SDK11.16.4.02/SDKTPLUS/HW_T2/gnu_434/lib/TRAP_TELIUM_PLUS.LIB(FS_mount.o)
                0x00009aba                FS_mount
 .text          0x00009ac8        0xe D:/SDKs/SDK11.16.4.02/SDKTPLUS/HW_T2/gnu_434/lib/TRAP_TELIUM_PLUS.LIB(FS_open.o)
                0x00009ac8                FS_open
 .text          0x00009ad6        0xe D:/SDKs/SDK11.16.4.02/SDKTPLUS/HW_T2/gnu_434/lib/TRAP_TELIUM_PLUS.LIB(FS_read.o)
                0x00009ad6                FS_read
 .text          0x00009ae4        0xe D:/SDKs/SDK11.16.4.02/SDKTPLUS/HW_T2/gnu_434/lib/TRAP_TELIUM_PLUS.LIB(FS_unmount.o)
                0x00009ae4                FS_unmount
 .text          0x00009af2        0xe D:/SDKs/SDK11.16.4.02/SDKTPLUS/HW_T2/gnu_434/lib/TRAP_TELIUM_PLUS.LIB(ObjectGetInfo.o)
                0x00009af2                ObjectGetInfo
 .text          0x00009b00        0xe D:/SDKs/SDK11.16.4.02/SDKTPLUS/HW_T2/gnu_434/lib/TRAP_TELIUM_PLUS.LIB(Telium_EMV_apdu.o)
                0x00009b00                Telium_EMV_apdu
 .text          0x00009b0e        0xe D:/SDKs/SDK11.16.4.02/SDKTPLUS/HW_T2/gnu_434/lib/TRAP_TELIUM_PLUS.LIB(Telium_EMV_power_on.o)
                0x00009b0e                Telium_EMV_power_on
 .text          0x00009b1c        0xe D:/SDKs/SDK11.16.4.02/SDKTPLUS/HW_T2/gnu_434/lib/TRAP_TELIUM_PLUS.LIB(Telium_Exit.o)
                0x00009b1c                Telium_Exit
 .text          0x00009b2a        0xe D:/SDKs/SDK11.16.4.02/SDKTPLUS/HW_T2/gnu_434/lib/TRAP_TELIUM_PLUS.LIB(Telium_Fclose.o)
                0x00009b2a                Telium_Fclose
 .text          0x00009b38        0xe D:/SDKs/SDK11.16.4.02/SDKTPLUS/HW_T2/gnu_434/lib/TRAP_TELIUM_PLUS.LIB(Telium_Fopen.o)
                0x00009b38                Telium_Fopen
 .text          0x00009b46        0xe D:/SDKs/SDK11.16.4.02/SDKTPLUS/HW_T2/gnu_434/lib/TRAP_TELIUM_PLUS.LIB(Telium_Is_iso1.o)
                0x00009b46                Telium_Is_iso1
 .text          0x00009b54        0xe D:/SDKs/SDK11.16.4.02/SDKTPLUS/HW_T2/gnu_434/lib/TRAP_TELIUM_PLUS.LIB(Telium_Is_iso2.o)
                0x00009b54                Telium_Is_iso2
 .text          0x00009b62        0xe D:/SDKs/SDK11.16.4.02/SDKTPLUS/HW_T2/gnu_434/lib/TRAP_TELIUM_PLUS.LIB(Telium_Is_iso3.o)
                0x00009b62                Telium_Is_iso3
 .text          0x00009b70        0xe D:/SDKs/SDK11.16.4.02/SDKTPLUS/HW_T2/gnu_434/lib/TRAP_TELIUM_PLUS.LIB(Telium_Power_down.o)
                0x00009b70                Telium_Power_down
 .text          0x00009b7e        0xe D:/SDKs/SDK11.16.4.02/SDKTPLUS/HW_T2/gnu_434/lib/TRAP_TELIUM_PLUS.LIB(Telium_Reset_buf.o)
                0x00009b7e                Telium_Reset_buf
 .text          0x00009b8c        0xe D:/SDKs/SDK11.16.4.02/SDKTPLUS/HW_T2/gnu_434/lib/TRAP_TELIUM_PLUS.LIB(Telium_Status.o)
                0x00009b8c                Telium_Status
 .text          0x00009b9a        0xe D:/SDKs/SDK11.16.4.02/SDKTPLUS/HW_T2/gnu_434/lib/TRAP_TELIUM_PLUS.LIB(Telium_Stdperif.o)
                0x00009b9a                Telium_Stdperif
 .text          0x00009ba8        0xe D:/SDKs/SDK11.16.4.02/SDKTPLUS/HW_T2/gnu_434/lib/TRAP_TELIUM_PLUS.LIB(Telium_Ttestall.o)
                0x00009ba8                Telium_Ttestall
 .text          0x00009bb6        0xe D:/SDKs/SDK11.16.4.02/SDKTPLUS/HW_T2/gnu_434/lib/TRAP_TELIUM_PLUS.LIB(Telium_Vfprintf.o)
                0x00009bb6                Telium_Vfprintf
 .text          0x00009bc4        0xe D:/SDKs/SDK11.16.4.02/SDKTPLUS/HW_T2/gnu_434/lib/TRAP_TELIUM_PLUS.LIB(Telium_Vsprintf.o)
                0x00009bc4                Telium_Vsprintf
 .text          0x00009bd2        0xe D:/SDKs/SDK11.16.4.02/SDKTPLUS/HW_T2/gnu_434/lib/TRAP_TELIUM_PLUS.LIB(buzzer.o)
                0x00009bd2                buzzer
 .text          0x00009be0        0xe D:/SDKs/SDK11.16.4.02/SDKTPLUS/HW_T2/gnu_434/lib/TRAP_TELIUM_PLUS.LIB(first_init.o)
                0x00009be0                first_init
 .text          0x00009bee        0xe D:/SDKs/SDK11.16.4.02/SDKTPLUS/HW_T2/gnu_434/lib/TRAP_TELIUM_PLUS.LIB(raz_init.o)
                0x00009bee                raz_init
 .text          0x00009bfc        0xe D:/SDKs/SDK11.16.4.02/SDKTPLUS/HW_T2/gnu_434/lib/TRAP_TELIUM_PLUS.LIB(ufree.o)
                0x00009bfc                ufree
 .text          0x00009c0a        0xe D:/SDKs/SDK11.16.4.02/SDKTPLUS/HW_T2/gnu_434/lib/TRAP_TELIUM_PLUS.LIB(umalloc.o)
                0x00009c0a                umalloc
 .text          0x00009c18        0xe D:/SDKs/SDK11.16.4.02/SDKTPLUS/HW_T2/gnu_434/lib/TRAP_TELIUM_PLUS.LIB(urealloc.o)
                0x00009c18                urealloc
 .text          0x00009c26        0xc D:/SDKs/SDK11.16.4.02/SDKTPLUS/HW_T2/gnu_434/lib/OSLAYER.LIB(OSL_Dll_Close.o)
                0x00009c26                OSL_Dll_Close
 .text          0x00009c32        0xc D:/SDKs/SDK11.16.4.02/SDKTPLUS/HW_T2/gnu_434/lib/OSLAYER.LIB(OSL_Dll_GetSymbolByName.o)
                0x00009c32                OSL_Dll_GetSymbolByName
 .text          0x00009c3e        0xc D:/SDKs/SDK11.16.4.02/SDKTPLUS/HW_T2/gnu_434/lib/OSLAYER.LIB(OSL_Dll_OpenByAppliType.o)
                0x00009c3e                OSL_Dll_OpenByAppliType
 .text          0x00009c4a        0xe D:/SDKs/SDK11.16.4.02/SDKTPLUS/HW_T2/gnu_434/lib/OSLAYER.LIB(OSL_TimeStp_ElapsedMs.o)
                0x00009c4a                OSL_TimeStp_ElapsedMs
 .text          0x00009c58        0xc D:/SDKs/SDK11.16.4.02/SDKTPLUS/HW_T2/gnu_434/lib/OSLAYER.LIB(OSL_TimeStp_Now.o)
                0x00009c58                OSL_TimeStp_Now
 .text          0x00009c64       0x24 D:/SDKs/SDK11.16.4.02/SDKTPLUS/HW_T2/gnu_434/lib/GRAPHICLIB.LIB(GL_Button_Create.o)
                0x00009c70                GL_Button_Create
 .text          0x00009c88       0x24 D:/SDKs/SDK11.16.4.02/SDKTPLUS/HW_T2/gnu_434/lib/GRAPHICLIB.LIB(GL_Dialog_Amount.o)
                0x00009c94                GL_Dialog_Amount
 .text          0x00009cac       0x24 D:/SDKs/SDK11.16.4.02/SDKTPLUS/HW_T2/gnu_434/lib/GRAPHICLIB.LIB(GL_Dialog_Menu.o)
                0x00009cb8                GL_Dialog_Menu
 .text          0x00009cd0       0x24 D:/SDKs/SDK11.16.4.02/SDKTPLUS/HW_T2/gnu_434/lib/GRAPHICLIB.LIB(GL_Dialog_Message.o)
                0x00009cdc                GL_Dialog_Message
 .text          0x00009cf4       0x24 D:/SDKs/SDK11.16.4.02/SDKTPLUS/HW_T2/gnu_434/lib/GRAPHICLIB.LIB(GL_Dialog_Password.o)
                0x00009d00                GL_Dialog_Password
 .text          0x00009d18       0x24 D:/SDKs/SDK11.16.4.02/SDKTPLUS/HW_T2/gnu_434/lib/GRAPHICLIB.LIB(GL_Document_Create.o)
                0x00009d24                GL_Document_Create
 .text          0x00009d3c       0x24 D:/SDKs/SDK11.16.4.02/SDKTPLUS/HW_T2/gnu_434/lib/GRAPHICLIB.LIB(GL_Document_Print.o)
                0x00009d48                GL_Document_Print
 .text          0x00009d60       0x24 D:/SDKs/SDK11.16.4.02/SDKTPLUS/HW_T2/gnu_434/lib/GRAPHICLIB.LIB(GL_Drawing_Clear.o)
                0x00009d6c                GL_Drawing_Clear
 .text          0x00009d84       0x24 D:/SDKs/SDK11.16.4.02/SDKTPLUS/HW_T2/gnu_434/lib/GRAPHICLIB.LIB(GL_Drawing_Create.o)
                0x00009d90                GL_Drawing_Create
 .text          0x00009da8       0x24 D:/SDKs/SDK11.16.4.02/SDKTPLUS/HW_T2/gnu_434/lib/GRAPHICLIB.LIB(GL_Drawing_DrawEllipse.o)
                0x00009db4                GL_Drawing_DrawEllipse
 .text          0x00009dcc       0x24 D:/SDKs/SDK11.16.4.02/SDKTPLUS/HW_T2/gnu_434/lib/GRAPHICLIB.LIB(GL_Drawing_DrawLine.o)
                0x00009dd8                GL_Drawing_DrawLine
 .text          0x00009df0       0x24 D:/SDKs/SDK11.16.4.02/SDKTPLUS/HW_T2/gnu_434/lib/GRAPHICLIB.LIB(GL_Drawing_DrawRect.o)
                0x00009dfc                GL_Drawing_DrawRect
 .text          0x00009e14       0x24 D:/SDKs/SDK11.16.4.02/SDKTPLUS/HW_T2/gnu_434/lib/GRAPHICLIB.LIB(GL_Drawing_DrawText.o)
                0x00009e20                GL_Drawing_DrawText
 .text          0x00009e38       0x24 D:/SDKs/SDK11.16.4.02/SDKTPLUS/HW_T2/gnu_434/lib/GRAPHICLIB.LIB(GL_Drawing_SetBrush.o)
                0x00009e44                GL_Drawing_SetBrush
 .text          0x00009e5c       0x24 D:/SDKs/SDK11.16.4.02/SDKTPLUS/HW_T2/gnu_434/lib/GRAPHICLIB.LIB(GL_Drawing_SetFont.o)
                0x00009e68                GL_Drawing_SetFont
 .text          0x00009e80       0x24 D:/SDKs/SDK11.16.4.02/SDKTPLUS/HW_T2/gnu_434/lib/GRAPHICLIB.LIB(GL_Drawing_SetPen.o)
                0x00009e8c                GL_Drawing_SetPen
 .text          0x00009ea4       0x24 D:/SDKs/SDK11.16.4.02/SDKTPLUS/HW_T2/gnu_434/lib/GRAPHICLIB.LIB(GL_GraphicLib_BindSingleKey.o)
                0x00009eb0                GL_GraphicLib_BindSingleKey
 .text          0x00009ec8       0xbc D:/SDKs/SDK11.16.4.02/SDKTPLUS/HW_T2/gnu_434/lib/GRAPHICLIB.LIB(GL_GraphicLib_Create.o)
                0x00009ec8                GL_GraphicLib_Create
                0x00009f44                GL_GraphicLib_Create_Init
 .text          0x00009f84       0x24 D:/SDKs/SDK11.16.4.02/SDKTPLUS/HW_T2/gnu_434/lib/GRAPHICLIB.LIB(GL_GraphicLib_IsTouchPresent.o)
                0x00009f90                GL_GraphicLib_IsTouchPresent
 .text          0x00009fa8       0x24 D:/SDKs/SDK11.16.4.02/SDKTPLUS/HW_T2/gnu_434/lib/GRAPHICLIB.LIB(GL_GraphicLib_ReadResource.o)
                0x00009fb4                GL_GraphicLib_ReadResource
 .text          0x00009fcc       0x24 D:/SDKs/SDK11.16.4.02/SDKTPLUS/HW_T2/gnu_434/lib/GRAPHICLIB.LIB(GL_GraphicLib_SetCharset.o)
                0x00009fd8                GL_GraphicLib_SetCharset
 .text          0x00009ff0       0x24 D:/SDKs/SDK11.16.4.02/SDKTPLUS/HW_T2/gnu_434/lib/GRAPHICLIB.LIB(GL_GraphicLib_UnbindKey.o)
                0x00009ffc                GL_GraphicLib_UnbindKey
 .text          0x0000a014       0x24 D:/SDKs/SDK11.16.4.02/SDKTPLUS/HW_T2/gnu_434/lib/GRAPHICLIB.LIB(GL_Label_Create.o)
                0x0000a020                GL_Label_Create
 .text          0x0000a038       0x24 D:/SDKs/SDK11.16.4.02/SDKTPLUS/HW_T2/gnu_434/lib/GRAPHICLIB.LIB(GL_Layout_Create.o)
                0x0000a044                GL_Layout_Create
 .text          0x0000a05c       0x24 D:/SDKs/SDK11.16.4.02/SDKTPLUS/HW_T2/gnu_434/lib/GRAPHICLIB.LIB(GL_Message_GetKey.o)
                0x0000a068                GL_Message_GetKey
 .text          0x0000a080       0x24 D:/SDKs/SDK11.16.4.02/SDKTPLUS/HW_T2/gnu_434/lib/GRAPHICLIB.LIB(GL_Message_GetWidget.o)
                0x0000a08c                GL_Message_GetWidget
 .text          0x0000a0a4       0x24 D:/SDKs/SDK11.16.4.02/SDKTPLUS/HW_T2/gnu_434/lib/GRAPHICLIB.LIB(GL_Message_GetWindow.o)
                0x0000a0b0                GL_Message_GetWindow
 .text          0x0000a0c8       0x24 D:/SDKs/SDK11.16.4.02/SDKTPLUS/HW_T2/gnu_434/lib/GRAPHICLIB.LIB(GL_Message_SetResult.o)
                0x0000a0d4                GL_Message_SetResult
 .text          0x0000a0ec       0x24 D:/SDKs/SDK11.16.4.02/SDKTPLUS/HW_T2/gnu_434/lib/GRAPHICLIB.LIB(GL_Message_SetUserData.o)
                0x0000a0f8                GL_Message_SetUserData
 .text          0x0000a110       0x24 D:/SDKs/SDK11.16.4.02/SDKTPLUS/HW_T2/gnu_434/lib/GRAPHICLIB.LIB(GL_Picture_Create.o)
                0x0000a11c                GL_Picture_Create
 .text          0x0000a134       0x24 D:/SDKs/SDK11.16.4.02/SDKTPLUS/HW_T2/gnu_434/lib/GRAPHICLIB.LIB(GL_Print_Create.o)
                0x0000a140                GL_Print_Create
 .text          0x0000a158       0x24 D:/SDKs/SDK11.16.4.02/SDKTPLUS/HW_T2/gnu_434/lib/GRAPHICLIB.LIB(GL_Timer_Create.o)
                0x0000a164                GL_Timer_Create
 .text          0x0000a17c       0x24 D:/SDKs/SDK11.16.4.02/SDKTPLUS/HW_T2/gnu_434/lib/GRAPHICLIB.LIB(GL_Timer_SetInterval.o)
                0x0000a188                GL_Timer_SetInterval
 .text          0x0000a1a0       0x24 D:/SDKs/SDK11.16.4.02/SDKTPLUS/HW_T2/gnu_434/lib/GRAPHICLIB.LIB(GL_Timer_Stop.o)
                0x0000a1ac                GL_Timer_Stop
 .text          0x0000a1c4       0x24 D:/SDKs/SDK11.16.4.02/SDKTPLUS/HW_T2/gnu_434/lib/GRAPHICLIB.LIB(GL_Widget_Destroy.o)
                0x0000a1d0                GL_Widget_Destroy
 .text          0x0000a1e8       0x24 D:/SDKs/SDK11.16.4.02/SDKTPLUS/HW_T2/gnu_434/lib/GRAPHICLIB.LIB(GL_Widget_GetText.o)
                0x0000a1f4                GL_Widget_GetText
 .text          0x0000a20c       0x24 D:/SDKs/SDK11.16.4.02/SDKTPLUS/HW_T2/gnu_434/lib/GRAPHICLIB.LIB(GL_Widget_GetUserData.o)
                0x0000a218                GL_Widget_GetUserData
 .text          0x0000a230       0x24 D:/SDKs/SDK11.16.4.02/SDKTPLUS/HW_T2/gnu_434/lib/GRAPHICLIB.LIB(GL_Widget_RegisterCallback.o)
                0x0000a23c                GL_Widget_RegisterCallback
 .text          0x0000a254       0x24 D:/SDKs/SDK11.16.4.02/SDKTPLUS/HW_T2/gnu_434/lib/GRAPHICLIB.LIB(GL_Widget_SearchId.o)
                0x0000a260                GL_Widget_SearchId
 .text          0x0000a278       0x24 D:/SDKs/SDK11.16.4.02/SDKTPLUS/HW_T2/gnu_434/lib/GRAPHICLIB.LIB(GL_Widget_SetBackAlign.o)
                0x0000a284                GL_Widget_SetBackAlign
 .text          0x0000a29c       0x24 D:/SDKs/SDK11.16.4.02/SDKTPLUS/HW_T2/gnu_434/lib/GRAPHICLIB.LIB(GL_Widget_SetBackColor.o)
                0x0000a2a8                GL_Widget_SetBackColor
 .text          0x0000a2c0       0x24 D:/SDKs/SDK11.16.4.02/SDKTPLUS/HW_T2/gnu_434/lib/GRAPHICLIB.LIB(GL_Widget_SetBorders.o)
                0x0000a2cc                GL_Widget_SetBorders
 .text          0x0000a2e4       0x24 D:/SDKs/SDK11.16.4.02/SDKTPLUS/HW_T2/gnu_434/lib/GRAPHICLIB.LIB(GL_Widget_SetExpand.o)
                0x0000a2f0                GL_Widget_SetExpand
 .text          0x0000a308       0x24 D:/SDKs/SDK11.16.4.02/SDKTPLUS/HW_T2/gnu_434/lib/GRAPHICLIB.LIB(GL_Widget_SetFocusable.o)
                0x0000a314                GL_Widget_SetFocusable
 .text          0x0000a32c       0x24 D:/SDKs/SDK11.16.4.02/SDKTPLUS/HW_T2/gnu_434/lib/GRAPHICLIB.LIB(GL_Widget_SetFontName.o)
                0x0000a338                GL_Widget_SetFontName
 .text          0x0000a350       0x24 D:/SDKs/SDK11.16.4.02/SDKTPLUS/HW_T2/gnu_434/lib/GRAPHICLIB.LIB(GL_Widget_SetFontScale.o)
                0x0000a35c                GL_Widget_SetFontScale
 .text          0x0000a374       0x24 D:/SDKs/SDK11.16.4.02/SDKTPLUS/HW_T2/gnu_434/lib/GRAPHICLIB.LIB(GL_Widget_SetFontStyle.o)
                0x0000a380                GL_Widget_SetFontStyle
 .text          0x0000a398       0x24 D:/SDKs/SDK11.16.4.02/SDKTPLUS/HW_T2/gnu_434/lib/GRAPHICLIB.LIB(GL_Widget_SetForeColor.o)
                0x0000a3a4                GL_Widget_SetForeColor
 .text          0x0000a3bc       0x24 D:/SDKs/SDK11.16.4.02/SDKTPLUS/HW_T2/gnu_434/lib/GRAPHICLIB.LIB(GL_Widget_SetGrow.o)
                0x0000a3c8                GL_Widget_SetGrow
 .text          0x0000a3e0       0x24 D:/SDKs/SDK11.16.4.02/SDKTPLUS/HW_T2/gnu_434/lib/GRAPHICLIB.LIB(GL_Widget_SetId.o)
                0x0000a3ec                GL_Widget_SetId
 .text          0x0000a404       0x24 D:/SDKs/SDK11.16.4.02/SDKTPLUS/HW_T2/gnu_434/lib/GRAPHICLIB.LIB(GL_Widget_SetItem.o)
                0x0000a410                GL_Widget_SetItem
 .text          0x0000a428       0x24 D:/SDKs/SDK11.16.4.02/SDKTPLUS/HW_T2/gnu_434/lib/GRAPHICLIB.LIB(GL_Widget_SetMargins.o)
                0x0000a434                GL_Widget_SetMargins
 .text          0x0000a44c       0x24 D:/SDKs/SDK11.16.4.02/SDKTPLUS/HW_T2/gnu_434/lib/GRAPHICLIB.LIB(GL_Widget_SetMinSize.o)
                0x0000a458                GL_Widget_SetMinSize
 .text          0x0000a470       0x24 D:/SDKs/SDK11.16.4.02/SDKTPLUS/HW_T2/gnu_434/lib/GRAPHICLIB.LIB(GL_Widget_SetShortcut.o)
                0x0000a47c                GL_Widget_SetShortcut
 .text          0x0000a494       0x24 D:/SDKs/SDK11.16.4.02/SDKTPLUS/HW_T2/gnu_434/lib/GRAPHICLIB.LIB(GL_Widget_SetShrink.o)
                0x0000a4a0                GL_Widget_SetShrink
 .text          0x0000a4b8       0x24 D:/SDKs/SDK11.16.4.02/SDKTPLUS/HW_T2/gnu_434/lib/GRAPHICLIB.LIB(GL_Widget_SetSize.o)
                0x0000a4c4                GL_Widget_SetSize
 .text          0x0000a4dc       0x24 D:/SDKs/SDK11.16.4.02/SDKTPLUS/HW_T2/gnu_434/lib/GRAPHICLIB.LIB(GL_Widget_SetSource.o)
                0x0000a4e8                GL_Widget_SetSource
 .text          0x0000a500       0x24 D:/SDKs/SDK11.16.4.02/SDKTPLUS/HW_T2/gnu_434/lib/GRAPHICLIB.LIB(GL_Widget_SetText.o)
                0x0000a50c                GL_Widget_SetText
 .text          0x0000a524       0x24 D:/SDKs/SDK11.16.4.02/SDKTPLUS/HW_T2/gnu_434/lib/GRAPHICLIB.LIB(GL_Widget_SetTextAlign.o)
                0x0000a530                GL_Widget_SetTextAlign
 .text          0x0000a548       0x24 D:/SDKs/SDK11.16.4.02/SDKTPLUS/HW_T2/gnu_434/lib/GRAPHICLIB.LIB(GL_Widget_SetTextPaddings.o)
                0x0000a554                GL_Widget_SetTextPaddings
 .text          0x0000a56c       0x24 D:/SDKs/SDK11.16.4.02/SDKTPLUS/HW_T2/gnu_434/lib/GRAPHICLIB.LIB(GL_Widget_SetTransformation.o)
                0x0000a578                GL_Widget_SetTransformation
 .text          0x0000a590       0x24 D:/SDKs/SDK11.16.4.02/SDKTPLUS/HW_T2/gnu_434/lib/GRAPHICLIB.LIB(GL_Widget_SetVisible.o)
                0x0000a59c                GL_Widget_SetVisible
 .text          0x0000a5b4       0x24 D:/SDKs/SDK11.16.4.02/SDKTPLUS/HW_T2/gnu_434/lib/GRAPHICLIB.LIB(GL_Widget_SetWrap.o)
                0x0000a5c0                GL_Widget_SetWrap
 .text          0x0000a5d8       0x24 D:/SDKs/SDK11.16.4.02/SDKTPLUS/HW_T2/gnu_434/lib/GRAPHICLIB.LIB(GL_Widget_UnregisterCallback.o)
                0x0000a5e4                GL_Widget_UnregisterCallback
 .text          0x0000a5fc       0x24 D:/SDKs/SDK11.16.4.02/SDKTPLUS/HW_T2/gnu_434/lib/GRAPHICLIB.LIB(GL_Window_Create.o)
                0x0000a608                GL_Window_Create
 .text          0x0000a620       0x24 D:/SDKs/SDK11.16.4.02/SDKTPLUS/HW_T2/gnu_434/lib/GRAPHICLIB.LIB(GL_Window_Dispatch.o)
                0x0000a62c                GL_Window_Dispatch
 .text          0x0000a644       0x24 D:/SDKs/SDK11.16.4.02/SDKTPLUS/HW_T2/gnu_434/lib/GRAPHICLIB.LIB(GL_Window_GetResult.o)
                0x0000a650                GL_Window_GetResult
 .text          0x0000a668       0x24 D:/SDKs/SDK11.16.4.02/SDKTPLUS/HW_T2/gnu_434/lib/GRAPHICLIB.LIB(GL_Window_MainLoop.o)
                0x0000a674                GL_Window_MainLoop
 .text          0x0000a68c       0x24 D:/SDKs/SDK11.16.4.02/SDKTPLUS/HW_T2/gnu_434/lib/GRAPHICLIB.LIB(GL_Window_PreviousFocus.o)
                0x0000a698                GL_Window_PreviousFocus
 .text          0x0000a6b0      0x114 D:/SDKs/SDK11.16.4.02/SDKTPLUS/HW_T2/gnu_434/lib/GRAPHICLIB.LIB(GL_link.o)
                0x0000a6b0                GL_IsPresent
                0x0000a6ec                GL_GetProcAddressWithoutExit
                0x0000a784                GL_GetProcAddress
 .text          0x0000a7c4       0x2c D:/SDKs/SDK11.16.4.02/SDKTPLUS/HW_T2/gnu_434/lib/GRAPHICLIB.LIB(gl_asm_link.o)
                0x0000a7c4                GL_InitFuncAndBranch
                0x0000a7d4                GL_Swi_ObjectLoad
                0x0000a7e2                GL_Swi_DllLink
 .text          0x0000a7f0       0x1c D:/IngeDev_8.18.0.5/toolchains/gnuArm4/arm-elf/lib/thumb/soft/interwork/libc.a(lib_a-memcpy.o)
                0x0000a7f0                memcpy
 .text          0x0000a80c       0x10 D:/IngeDev_8.18.0.5/toolchains/gnuArm4/arm-elf/lib/thumb/soft/interwork/libc.a(lib_a-memset.o)
                0x0000a80c                memset
 .text          0x0000a81c       0xa0 D:/IngeDev_8.18.0.5/toolchains/gnuArm4/arm-elf/lib/thumb/soft/interwork/libc.a(lib_a-sscanf.o)
                0x0000a81c                _sscanf_r
                0x0000a86c                sscanf
 .text          0x0000a8bc       0xac D:/IngeDev_8.18.0.5/toolchains/gnuArm4/arm-elf/lib/thumb/soft/interwork/libc.a(lib_a-stdio.o)
                0x0000a8bc                __seofread
                0x0000a8c0                __sclose
                0x0000a8d0                __sseek
                0x0000a900                __swrite
                0x0000a93c                __sread
 .text          0x0000a968       0x24 D:/IngeDev_8.18.0.5/toolchains/gnuArm4/arm-elf/lib/thumb/soft/interwork/libc.a(lib_a-strcat.o)
                0x0000a968                strcat
 .text          0x0000a98c       0x1c D:/IngeDev_8.18.0.5/toolchains/gnuArm4/arm-elf/lib/thumb/soft/interwork/libc.a(lib_a-strchr.o)
                0x0000a98c                strchr
 .text          0x0000a9a8       0x10 D:/IngeDev_8.18.0.5/toolchains/gnuArm4/arm-elf/lib/thumb/soft/interwork/libc.a(lib_a-strcpy.o)
                0x0000a9a8                strcpy
 .text          0x0000a9b8       0x10 D:/IngeDev_8.18.0.5/toolchains/gnuArm4/arm-elf/lib/thumb/soft/interwork/libc.a(lib_a-strlen.o)
                0x0000a9b8                strlen
 .text          0x0000a9c8       0x34 D:/IngeDev_8.18.0.5/toolchains/gnuArm4/arm-elf/lib/thumb/soft/interwork/libc.a(lib_a-strncpy.o)
                0x0000a9c8                strncpy
 .text          0x0000a9fc      0xc7c D:/IngeDev_8.18.0.5/toolchains/gnuArm4/arm-elf/lib/thumb/soft/interwork/libc.a(lib_a-svfscanf.o)
                0x0000a9fc                __ssvfscanf_r
 .text          0x0000b678       0x2c D:/IngeDev_8.18.0.5/toolchains/gnuArm4/arm-elf/lib/thumb/soft/interwork/libc.a(lib_a-writer.o)
                0x0000b678                _write_r
 .text          0x0000b6a4       0x28 D:/IngeDev_8.18.0.5/toolchains/gnuArm4/arm-elf/lib/thumb/soft/interwork/libc.a(lib_a-closer.o)
                0x0000b6a4                _close_r
 .text          0x0000b6cc        0x0 D:/IngeDev_8.18.0.5/toolchains/gnuArm4/arm-elf/lib/thumb/soft/interwork/libc.a(lib_a-ctype_.o)
 .text          0x0000b6cc      0x1d4 D:/IngeDev_8.18.0.5/toolchains/gnuArm4/arm-elf/lib/thumb/soft/interwork/libc.a(lib_a-findfp.o)
                0x0000b6cc                __sfp_lock_acquire
                0x0000b6d0                __sfp_lock_release
                0x0000b6d4                __sinit_lock_acquire
                0x0000b6d8                __sinit_lock_release
                0x0000b6e4                __fp_unlock_all
                0x0000b6fc                __fp_lock_all
                0x0000b714                _cleanup_r
                0x0000b724                _cleanup
                0x0000b788                __sinit
                0x0000b7e4                __sfmoreglue
                0x0000b818                __sfp
 .text          0x0000b8a0       0xa8 D:/IngeDev_8.18.0.5/toolchains/gnuArm4/arm-elf/lib/thumb/soft/interwork/libc.a(lib_a-fwalk.o)
                0x0000b8a0                _fwalk_reent
                0x0000b8f4                _fwalk
 .text          0x0000b948        0x0 D:/IngeDev_8.18.0.5/toolchains/gnuArm4/arm-elf/lib/thumb/soft/interwork/libc.a(lib_a-impure.o)
 .text          0x0000b948       0x1c D:/IngeDev_8.18.0.5/toolchains/gnuArm4/arm-elf/lib/thumb/soft/interwork/libc.a(lib_a-iswspace.o)
                0x0000b948                iswspace
 .text          0x0000b964       0x84 D:/IngeDev_8.18.0.5/toolchains/gnuArm4/arm-elf/lib/thumb/soft/interwork/libc.a(lib_a-locale.o)
                0x0000b964                __locale_charset
                0x0000b96c                __locale_msgcharset
                0x0000b974                __locale_cjk_lang
                0x0000b978                _localeconv_r
                0x0000b980                localeconv
                0x0000b988                _setlocale_r
                0x0000b9cc                setlocale
 .text          0x0000b9e8       0x2c D:/IngeDev_8.18.0.5/toolchains/gnuArm4/arm-elf/lib/thumb/soft/interwork/libc.a(lib_a-lseekr.o)
                0x0000b9e8                _lseek_r
 .text          0x0000ba14       0x8c D:/IngeDev_8.18.0.5/toolchains/gnuArm4/arm-elf/lib/thumb/soft/interwork/libc.a(lib_a-mbrtowc.o)
                0x0000ba14                _mbrtowc_r
                0x0000ba74                mbrtowc
 .text          0x0000baa0       0x64 D:/IngeDev_8.18.0.5/toolchains/gnuArm4/arm-elf/lib/thumb/soft/interwork/libc.a(lib_a-mbtowc_r.o)
                0x0000baa0                __ascii_mbtowc
                0x0000bacc                _mbtowc_r
 .text          0x0000bb04       0x2c D:/IngeDev_8.18.0.5/toolchains/gnuArm4/arm-elf/lib/thumb/soft/interwork/libc.a(lib_a-readr.o)
                0x0000bb04                _read_r
 .text          0x0000bb30      0x108 D:/IngeDev_8.18.0.5/toolchains/gnuArm4/arm-elf/lib/thumb/soft/interwork/libc.a(lib_a-reent.o)
                0x0000bb30                _wrapup_reent
                0x0000bb78                cleanup_glue
                0x0000bb98                _reclaim_reent
 .text          0x0000bc38       0x7c D:/IngeDev_8.18.0.5/toolchains/gnuArm4/arm-elf/lib/thumb/soft/interwork/libc.a(lib_a-s_fpclassify.o)
                0x0000bc38                __fpclassifyd
 .text          0x0000bcb4       0x78 D:/IngeDev_8.18.0.5/toolchains/gnuArm4/arm-elf/lib/thumb/soft/interwork/libc.a(lib_a-sccl.o)
                0x0000bcb4                __sccl
 .text          0x0000bd2c        0x8 D:/IngeDev_8.18.0.5/toolchains/gnuArm4/arm-elf/lib/thumb/soft/interwork/libc.a(lib_a-sf_nan.o)
                0x0000bd2c                nanf
 .text          0x0000bd34       0x14 D:/IngeDev_8.18.0.5/toolchains/gnuArm4/arm-elf/lib/thumb/soft/interwork/libc.a(lib_a-strcmp.o)
                0x0000bd34                strcmp
 .text          0x0000bd48      0xc88 D:/IngeDev_8.18.0.5/toolchains/gnuArm4/arm-elf/lib/thumb/soft/interwork/libc.a(lib_a-strtod.o)
                0x0000bd48                _strtod_r
                0x0000c980                strtof
                0x0000c9b4                strtod
 .text          0x0000c9d0      0x154 D:/IngeDev_8.18.0.5/toolchains/gnuArm4/arm-elf/lib/thumb/soft/interwork/libc.a(lib_a-strtol.o)
                0x0000c9d0                _strtol_r
                0x0000cb04                strtol
 .text          0x0000cb24      0x128 D:/IngeDev_8.18.0.5/toolchains/gnuArm4/arm-elf/lib/thumb/soft/interwork/libc.a(lib_a-strtoul.o)
                0x0000cb24                _strtoul_r
                0x0000cc2c                strtoul
 .text          0x0000cc4c      0x998 D:/IngeDev_8.18.0.5/toolchains/gnuArm4/arm-elf/lib/thumb/soft/interwork/libc.a(lib_a-svfiscanf.o)
                0x0000cc4c                __ssrefill_r
                0x0000cc90                _sfread_r
                0x0000cd0c                _sungetc_r
                0x0000cd98                __ssvfiscanf_r
 .text          0x0000d5e4      0x59c D:/IngeDev_8.18.0.5/toolchains/gnuArm4/arm-elf/lib/thumb/soft/interwork/libc.a(lib_a-syscalls.o)
                0x0000d5e4                initialise_monitor_handles
                0x0000d65c                _kill
                0x0000d684                _exit
                0x0000d69c                _getpid
                0x0000d6a0                _link
                0x0000d6a8                _raise
                0x0000d6ac                _gettimeofday
                0x0000d6d8                _times
                0x0000d720                _rename
                0x0000d758                _system
                0x0000d7a0                _unlink
                0x0000d7cc                _swiopen
                0x0000d85c                _open
                0x0000d870                _sbrk
                0x0000d8f4                _isatty
                0x0000d918                _swiclose
                0x0000d958                _close
                0x0000d968                _swiwrite
                0x0000d990                _write
                0x0000d9f8                _swilseek
                0x0000da84                _lseek
                0x0000da94                _swiread
                0x0000dabc                _read
                0x0000db20                _stat
                0x0000db5c                _fstat
 .text          0x0000db80      0x17c D:/IngeDev_8.18.0.5/toolchains/gnuArm4/arm-elf/lib/thumb/soft/interwork/libc.a(lib_a-ungetc.o)
                0x0000db80                __submore
                0x0000dbfc                _ungetc_r
                0x0000dce0                ungetc
 .text          0x0000dcfc        0xc D:/IngeDev_8.18.0.5/toolchains/gnuArm4/arm-elf/lib/thumb/soft/interwork/libc.a(lib_a-errno.o)
                0x0000dcfc                __errno
 .text          0x0000dd08       0xac D:/IngeDev_8.18.0.5/toolchains/gnuArm4/arm-elf/lib/thumb/soft/interwork/libc.a(lib_a-fclose.o)
                0x0000dd08                _fclose_r
                0x0000dd9c                fclose
 .text          0x0000ddb4      0x18c D:/IngeDev_8.18.0.5/toolchains/gnuArm4/arm-elf/lib/thumb/soft/interwork/libc.a(lib_a-fflush.o)
                0x0000ddb4                _fflush_r
                0x0000df0c                fflush
 .text          0x0000df40      0x54c D:/IngeDev_8.18.0.5/toolchains/gnuArm4/arm-elf/lib/thumb/soft/interwork/libc.a(lib_a-gdtoa-gethex.o)
                0x0000df40                __hexdig_init
                0x0000e00c                __gethex
 .text          0x0000e48c      0x170 D:/IngeDev_8.18.0.5/toolchains/gnuArm4/arm-elf/lib/thumb/soft/interwork/libc.a(lib_a-gdtoa-hexnan.o)
                0x0000e48c                __hexnan
 .text          0x0000e5fc      0x8e8 D:/IngeDev_8.18.0.5/toolchains/gnuArm4/arm-elf/lib/thumb/soft/interwork/libc.a(lib_a-mprec.o)
                0x0000e5fc                _Bfree
                0x0000e614                __hi0bits
                0x0000e65c                __lo0bits
                0x0000e6c0                __mcmp
                0x0000e700                __ulp
                0x0000e748                __b2d
                0x0000e804                __ratio
                0x0000e858                _mprec_log10
                0x0000e898                __copybits
                0x0000e8cc                __any_on
                0x0000e91c                _Balloc
                0x0000e970                __d2b
                0x0000ea38                __mdiff
                0x0000eb4c                __lshift
                0x0000ebe4                __multiply
                0x0000ed20                __i2b
                0x0000ed38                __multadd
                0x0000edc4                __pow5mult
                0x0000ee60                __s2b
 .text          0x0000eee4       0x2c D:/IngeDev_8.18.0.5/toolchains/gnuArm4/arm-elf/lib/thumb/soft/interwork/libc.a(lib_a-strncmp.o)
                0x0000eee4                strncmp
 .text          0x0000ef10       0x8c D:/IngeDev_8.18.0.5/toolchains/gnuArm4/lib/gcc/arm-elf/4.3.4/thumb/soft/interwork/libgcc.a(_udivsi3.o)
                0x0000ef10                __udivsi3
                0x0000ef10                __aeabi_uidiv
                0x0000ef8c                __aeabi_uidivmod
 .text          0x0000ef9c       0xa4 D:/IngeDev_8.18.0.5/toolchains/gnuArm4/lib/gcc/arm-elf/4.3.4/thumb/soft/interwork/libgcc.a(_divsi3.o)
                0x0000ef9c                __aeabi_idiv
                0x0000ef9c                __divsi3
                0x0000f030                __aeabi_idivmod
 .text          0x0000f040       0xc8 D:/IngeDev_8.18.0.5/toolchains/gnuArm4/lib/gcc/arm-elf/4.3.4/thumb/soft/interwork/libgcc.a(_umodsi3.o)
                0x0000f040                __umodsi3
 .text          0x0000f108       0xd8 D:/IngeDev_8.18.0.5/toolchains/gnuArm4/lib/gcc/arm-elf/4.3.4/thumb/soft/interwork/libgcc.a(_modsi3.o)
                0x0000f108                __modsi3
 .text          0x0000f1e0        0x4 D:/IngeDev_8.18.0.5/toolchains/gnuArm4/lib/gcc/arm-elf/4.3.4/thumb/soft/interwork/libgcc.a(_dvmd_tls.o)
                0x0000f1e0                __aeabi_ldiv0
                0x0000f1e0                __div0
                0x0000f1e0                __aeabi_idiv0
 .text          0x0000f1e4      0x430 D:/IngeDev_8.18.0.5/toolchains/gnuArm4/lib/gcc/arm-elf/4.3.4/thumb/soft/interwork/libgcc.a(_addsubdf3.o)
                0x0000f1e4                __aeabi_drsub
                0x0000f1ec                __subdf3
                0x0000f1ec                __aeabi_dsub
                0x0000f1f0                __aeabi_dadd
                0x0000f1f0                __adddf3
                0x0000f500                __aeabi_ui2d
                0x0000f500                __floatunsidf
                0x0000f528                __floatsidf
                0x0000f528                __aeabi_i2d
                0x0000f554                __extendsfdf2
                0x0000f554                __aeabi_f2d
                0x0000f594                __aeabi_ul2d
                0x0000f594                __floatundidf
                0x0000f5a8                __aeabi_l2d
                0x0000f5a8                __floatdidf
 .text          0x0000f614      0x49c D:/IngeDev_8.18.0.5/toolchains/gnuArm4/lib/gcc/arm-elf/4.3.4/thumb/soft/interwork/libgcc.a(_muldivdf3.o)
                0x0000f614                __aeabi_dmul
                0x0000f614                __muldf3
                0x0000f8a4                __aeabi_ddiv
                0x0000f8a4                __divdf3
 .text          0x0000fab0      0x140 D:/IngeDev_8.18.0.5/toolchains/gnuArm4/lib/gcc/arm-elf/4.3.4/thumb/soft/interwork/libgcc.a(_cmpdf2.o)
                0x0000fab0                __gtdf2
                0x0000fab0                __gedf2
                0x0000fab8                __ltdf2
                0x0000fab8                __ledf2
                0x0000fac0                __eqdf2
                0x0000fac0                __nedf2
                0x0000fac0                __cmpdf2
                0x0000fb44                __aeabi_cdrcmple
                0x0000fb60                __aeabi_cdcmple
                0x0000fb60                __aeabi_cdcmpeq
                0x0000fb78                __aeabi_dcmpeq
                0x0000fb90                __aeabi_dcmplt
                0x0000fba8                __aeabi_dcmple
                0x0000fbc0                __aeabi_dcmpge
                0x0000fbd8                __aeabi_dcmpgt
 .text          0x0000fbf0       0x5c D:/IngeDev_8.18.0.5/toolchains/gnuArm4/lib/gcc/arm-elf/4.3.4/thumb/soft/interwork/libgcc.a(_fixdfsi.o)
                0x0000fbf0                __fixdfsi
                0x0000fbf0                __aeabi_d2iz
 .text          0x0000fc4c       0x54 D:/IngeDev_8.18.0.5/toolchains/gnuArm4/lib/gcc/arm-elf/4.3.4/thumb/soft/interwork/libgcc.a(_fixunsdfsi.o)
                0x0000fc4c                __fixunsdfsi
                0x0000fc4c                __aeabi_d2uiz
 .text          0x0000fca0       0xa0 D:/IngeDev_8.18.0.5/toolchains/gnuArm4/lib/gcc/arm-elf/4.3.4/thumb/soft/interwork/libgcc.a(_truncdfsf2.o)
                0x0000fca0                __aeabi_d2f
                0x0000fca0                __truncdfsf2
 .text          0x0000fd40        0xe D:/SDKs/SDK11.16.4.02/SDKTPLUS/HW_T2/gnu_434/lib/TRAP_TELIUM_PLUS.LIB(upload_diagnostic_txt.o)
                0x0000fd40                upload_diagnostic_txt
 *fill*         0x0000fd4e        0x2 00
 .text.stub     0x0000fd50       0x68 linker stubs
 *(.gnu.linkonce.t.*)
 *(.strings .strings.*)
 *(.glue_7)
 .glue_7        0x00000000        0x0 linker stubs
 *(.glue_7t)
 .glue_7t       0x00000000        0x0 linker stubs
 *(.gcc_except_table)

.vfp11_veneer   0x0000fdb8        0x0
 .vfp11_veneer  0x00000000        0x0 linker stubs

.v4_bx          0x0000fdb8        0x0
 .v4_bx         0x00000000        0x0 linker stubs

.eh_frame
 *(.eh_frame)

.jcr
 *(.jcr)

.ctors          0x0000fdb8        0x0
                0x0000fdb8                __ctors_start = .
 *(SORT(.ctors.*))
 *(.ctors)
                0x0000fdb8                __ctors_end = .

.dtors          0x0000fdb8        0x0
                0x0000fdb8                __dtors_start = .
 *(SORT(.dtors.*))
 *(.dtors)
                0x0000fdb8                __dtors_end = .

.rodata         0x0000fdb8     0x20cc
 *(.rodata .rodata.*)
 .rodata        0x0000fdb8       0x18 D:/SDKs/SDK11.16.4.02/SDKTPLUS/HW_T2/gnu_434/startfiles/cstartupTplus.o
 .rodata        0x0000fdd0       0xd8 Obj/GNU_ARM_DEBUG_T2/Main.o
 .rodata        0x0000fea8      0x360 Obj/GNU_ARM_DEBUG_T2/Entry.o
 .rodata        0x00010208       0x60 Obj/GNU_ARM_DEBUG_T2/Menu.o
 .rodata        0x00010268       0xa4 Obj/GNU_ARM_DEBUG_T2/DateScreen.o
                0x00010268                DATESCREEN_OK_STATUS
                0x0001026c                DATESCREEN_CANCEL_STATUS
 .rodata        0x0001030c      0x178 Obj/GNU_ARM_DEBUG_T2/Sales.o
 .rodata        0x00010484      0x178 Obj/GNU_ARM_DEBUG_T2/BillPayment.o
 .rodata        0x000105fc      0x59c Obj/GNU_ARM_DEBUG_T2/Cashback.o
 .rodata        0x00010b98      0x1d0 Obj/GNU_ARM_DEBUG_T2/Goal.o
 .rodata        0x00010d68      0x4c4 Obj/GNU_ARM_DEBUG_T2/SmartCard.o
 .rodata        0x0001122c      0x174 Obj/GNU_ARM_DEBUG_T2/Timer.o
 .rodata        0x000113a0      0x124 Obj/GNU_ARM_DEBUG_T2/Smarts.o
 .rodata        0x000114c4      0x610 Obj/GNU_ARM_DEBUG_T2/Sale.o
 .rodata.str1.1
                0x00011ad4        0x8 D:/SDKs/SDK11.16.4.02/SDKTPLUS/HW_T2/gnu_434/lib/eft30tplus.lib(extenstp1.o)
 .rodata.str1.1
                0x00000000        0x8 D:/SDKs/SDK11.16.4.02/SDKTPLUS/HW_T2/gnu_434/lib/eft30tplus.lib(toolstp1.o)
 .rodata.str1.1
                0x00011adc       0x6a D:/SDKs/SDK11.16.4.02/SDKTPLUS/HW_T2/gnu_434/lib/GRAPHICLIB.LIB(GL_link.o)
 .rodata.str1.1
                0x00011b46        0x5 D:/IngeDev_8.18.0.5/toolchains/gnuArm4/arm-elf/lib/thumb/soft/interwork/libc.a(lib_a-svfscanf.o)
 *fill*         0x00011b4b        0x1 00
 .rodata        0x00011b4c       0x38 D:/IngeDev_8.18.0.5/toolchains/gnuArm4/arm-elf/lib/thumb/soft/interwork/libc.a(lib_a-svfscanf.o)
 .rodata        0x00011b84      0x101 D:/IngeDev_8.18.0.5/toolchains/gnuArm4/arm-elf/lib/thumb/soft/interwork/libc.a(lib_a-ctype_.o)
                0x00011b84                _ctype_
 *fill*         0x00011c85        0x3 00
 .rodata        0x00011c88        0x4 D:/IngeDev_8.18.0.5/toolchains/gnuArm4/arm-elf/lib/thumb/soft/interwork/libc.a(lib_a-impure.o)
                0x00011c88                _global_impure_ptr
 .rodata.str1.1
                0x00011c8c        0x2 D:/IngeDev_8.18.0.5/toolchains/gnuArm4/arm-elf/lib/thumb/soft/interwork/libc.a(lib_a-impure.o)
 .rodata.str1.1
                0x00011c8e        0x8 D:/IngeDev_8.18.0.5/toolchains/gnuArm4/arm-elf/lib/thumb/soft/interwork/libc.a(lib_a-locale.o)
                                  0xb (size before relaxing)
 *fill*         0x00011c96        0x2 00
 .rodata        0x00011c98       0x38 D:/IngeDev_8.18.0.5/toolchains/gnuArm4/arm-elf/lib/thumb/soft/interwork/libc.a(lib_a-locale.o)
 .rodata.str1.1
                0x00000000        0x1 D:/IngeDev_8.18.0.5/toolchains/gnuArm4/arm-elf/lib/thumb/soft/interwork/libc.a(lib_a-mbrtowc.o)
 .rodata.str1.1
                0x00011cd0        0xc D:/IngeDev_8.18.0.5/toolchains/gnuArm4/arm-elf/lib/thumb/soft/interwork/libc.a(lib_a-strtod.o)
 .rodata        0x00011cdc       0x44 D:/IngeDev_8.18.0.5/toolchains/gnuArm4/arm-elf/lib/thumb/soft/interwork/libc.a(lib_a-strtod.o)
 .rodata        0x00011d20       0x22 D:/IngeDev_8.18.0.5/toolchains/gnuArm4/arm-elf/lib/thumb/soft/interwork/libc.a(lib_a-svfiscanf.o)
 .rodata.str1.1
                0x00011d42        0x4 D:/IngeDev_8.18.0.5/toolchains/gnuArm4/arm-elf/lib/thumb/soft/interwork/libc.a(lib_a-syscalls.o)
 .rodata.str1.1
                0x00011d46       0x19 D:/IngeDev_8.18.0.5/toolchains/gnuArm4/arm-elf/lib/thumb/soft/interwork/libc.a(lib_a-gdtoa-gethex.o)
 *fill*         0x00011d5f        0x1 00
 .rodata        0x00011d60      0x124 D:/IngeDev_8.18.0.5/toolchains/gnuArm4/arm-elf/lib/thumb/soft/interwork/libc.a(lib_a-mprec.o)
                0x00011d60                __mprec_tens
                0x00011e28                __mprec_bigtens
                0x00011e50                __mprec_tinytens
 *(.gnu.linkonce.r.*)
                0x00011e84                __text_end = .
                0x00200000                . = 0x200000

.data           0x00200000      0xa2c load address 0x00011e84
                0x00200000                __data_start = .
 *(.data .data.*)
 .data          0x00200000        0x8 D:/SDKs/SDK11.16.4.02/SDKTPLUS/HW_T2/gnu_434/startfiles/cstartupTplus.o
                0x00200000                __stack_chk_guard
                0x00200004                __dso_handle
 .data          0x00200008        0x0 D:/SDKs/SDK11.16.4.02/SDKTPLUS/HW_T2/gnu_434/startfiles/libcpatch.o
 .data          0x00200008        0x0 Obj/GNU_ARM_DEBUG_T2/Main.o
 .data          0x00200008      0x108 Obj/GNU_ARM_DEBUG_T2/Entry.o
 .data          0x00200110        0x0 Obj/GNU_ARM_DEBUG_T2/Menu.o
 .data          0x00200110        0x0 Obj/GNU_ARM_DEBUG_T2/DateScreen.o
 .data          0x00200110        0x0 Obj/GNU_ARM_DEBUG_T2/Utils.o
 .data          0x00200110        0x0 Obj/GNU_ARM_DEBUG_T2/Sales.o
 .data          0x00200110        0x0 Obj/GNU_ARM_DEBUG_T2/BillPayment.o
 .data          0x00200110        0x0 Obj/GNU_ARM_DEBUG_T2/Cashback.o
 .data          0x00200110        0x0 Obj/GNU_ARM_DEBUG_T2/Goal.o
 .data          0x00200110        0x0 Obj/GNU_ARM_DEBUG_T2/SmartCard.o
 .data          0x00200110        0x0 Obj/GNU_ARM_DEBUG_T2/Timer.o
 .data          0x00200110        0x0 Obj/GNU_ARM_DEBUG_T2/Smarts.o
 .data          0x00200110        0x0 Obj/GNU_ARM_DEBUG_T2/Sale.o
 .data          0x00200110        0x4 D:/SDKs/SDK11.16.4.02/SDKTPLUS/HW_T2/gnu_434/lib/eft30tplus.lib(DisplayFooter.o)
 .data          0x00200114        0x4 D:/SDKs/SDK11.16.4.02/SDKTPLUS/HW_T2/gnu_434/lib/eft30tplus.lib(DisplayHeader.o)
 .data          0x00200118        0x4 D:/SDKs/SDK11.16.4.02/SDKTPLUS/HW_T2/gnu_434/lib/eft30tplus.lib(DisplayLeds.o)
 .data          0x0020011c        0x4 D:/SDKs/SDK11.16.4.02/SDKTPLUS/HW_T2/gnu_434/lib/eft30tplus.lib(Telium_Read_date.o)
 .data          0x00200120        0x4 D:/SDKs/SDK11.16.4.02/SDKTPLUS/HW_T2/gnu_434/lib/eft30tplus.lib(IsColorDisplay.o)
 .data          0x00200124        0x4 D:/SDKs/SDK11.16.4.02/SDKTPLUS/HW_T2/gnu_434/lib/eft30tplus.lib(IsISO1.o)
 .data          0x00200128        0x4 D:/SDKs/SDK11.16.4.02/SDKTPLUS/HW_T2/gnu_434/lib/eft30tplus.lib(IsISO2.o)
 .data          0x0020012c        0x4 D:/SDKs/SDK11.16.4.02/SDKTPLUS/HW_T2/gnu_434/lib/eft30tplus.lib(IsISO3.o)
 .data          0x00200130        0x4 D:/SDKs/SDK11.16.4.02/SDKTPLUS/HW_T2/gnu_434/lib/eft30tplus.lib(IsPrinter.o)
 .data          0x00200134        0x4 D:/SDKs/SDK11.16.4.02/SDKTPLUS/HW_T2/gnu_434/lib/eft30tplus.lib(Telium_ServiceRegister.o)
 .data          0x00200138        0x0 D:/SDKs/SDK11.16.4.02/SDKTPLUS/HW_T2/gnu_434/lib/eft30tplus.lib(Telium_Atoi.o)
 .data          0x00200138        0x0 D:/SDKs/SDK11.16.4.02/SDKTPLUS/HW_T2/gnu_434/lib/eft30tplus.lib(Telium_Pprintf.o)
 .data          0x00200138        0x0 D:/SDKs/SDK11.16.4.02/SDKTPLUS/HW_T2/gnu_434/lib/eft30tplus.lib(Telium_Stdprt.o)
 .data          0x00200138        0x0 D:/SDKs/SDK11.16.4.02/SDKTPLUS/HW_T2/gnu_434/lib/eft30tplus.lib(Telium_Sprintf.o)
 .data          0x00200138        0x0 D:/SDKs/SDK11.16.4.02/SDKTPLUS/HW_T2/gnu_434/lib/eft30tplus.lib(sprintf.o)
 .data          0x00200138        0x0 D:/SDKs/SDK11.16.4.02/SDKTPLUS/HW_T2/gnu_434/lib/eft30tplus.lib(extenstp1.o)
 .data          0x00200138        0x0 D:/SDKs/SDK11.16.4.02/SDKTPLUS/HW_T2/gnu_434/lib/eft30tplus.lib(toolstp1.o)
 .data          0x00200138        0x0 D:/SDKs/SDK11.16.4.02/SDKTPLUS/HW_T2/gnu_434/lib/TRAP_TELIUM_PLUS.LIB(ApplicationGetCurrent.o)
 .data          0x00200138        0x0 D:/SDKs/SDK11.16.4.02/SDKTPLUS/HW_T2/gnu_434/lib/TRAP_TELIUM_PLUS.LIB(FS_close.o)
 .data          0x00200138        0x0 D:/SDKs/SDK11.16.4.02/SDKTPLUS/HW_T2/gnu_434/lib/TRAP_TELIUM_PLUS.LIB(FS_length.o)
 .data          0x00200138        0x0 D:/SDKs/SDK11.16.4.02/SDKTPLUS/HW_T2/gnu_434/lib/TRAP_TELIUM_PLUS.LIB(FS_mount.o)
 .data          0x00200138        0x0 D:/SDKs/SDK11.16.4.02/SDKTPLUS/HW_T2/gnu_434/lib/TRAP_TELIUM_PLUS.LIB(FS_open.o)
 .data          0x00200138        0x0 D:/SDKs/SDK11.16.4.02/SDKTPLUS/HW_T2/gnu_434/lib/TRAP_TELIUM_PLUS.LIB(FS_read.o)
 .data          0x00200138        0x0 D:/SDKs/SDK11.16.4.02/SDKTPLUS/HW_T2/gnu_434/lib/TRAP_TELIUM_PLUS.LIB(FS_unmount.o)
 .data          0x00200138        0x0 D:/SDKs/SDK11.16.4.02/SDKTPLUS/HW_T2/gnu_434/lib/TRAP_TELIUM_PLUS.LIB(ObjectGetInfo.o)
 .data          0x00200138        0x0 D:/SDKs/SDK11.16.4.02/SDKTPLUS/HW_T2/gnu_434/lib/TRAP_TELIUM_PLUS.LIB(Telium_EMV_apdu.o)
 .data          0x00200138        0x0 D:/SDKs/SDK11.16.4.02/SDKTPLUS/HW_T2/gnu_434/lib/TRAP_TELIUM_PLUS.LIB(Telium_EMV_power_on.o)
 .data          0x00200138        0x0 D:/SDKs/SDK11.16.4.02/SDKTPLUS/HW_T2/gnu_434/lib/TRAP_TELIUM_PLUS.LIB(Telium_Exit.o)
 .data          0x00200138        0x0 D:/SDKs/SDK11.16.4.02/SDKTPLUS/HW_T2/gnu_434/lib/TRAP_TELIUM_PLUS.LIB(Telium_Fclose.o)
 .data          0x00200138        0x0 D:/SDKs/SDK11.16.4.02/SDKTPLUS/HW_T2/gnu_434/lib/TRAP_TELIUM_PLUS.LIB(Telium_Fopen.o)
 .data          0x00200138        0x0 D:/SDKs/SDK11.16.4.02/SDKTPLUS/HW_T2/gnu_434/lib/TRAP_TELIUM_PLUS.LIB(Telium_Is_iso1.o)
 .data          0x00200138        0x0 D:/SDKs/SDK11.16.4.02/SDKTPLUS/HW_T2/gnu_434/lib/TRAP_TELIUM_PLUS.LIB(Telium_Is_iso2.o)
 .data          0x00200138        0x0 D:/SDKs/SDK11.16.4.02/SDKTPLUS/HW_T2/gnu_434/lib/TRAP_TELIUM_PLUS.LIB(Telium_Is_iso3.o)
 .data          0x00200138        0x0 D:/SDKs/SDK11.16.4.02/SDKTPLUS/HW_T2/gnu_434/lib/TRAP_TELIUM_PLUS.LIB(Telium_Power_down.o)
 .data          0x00200138        0x0 D:/SDKs/SDK11.16.4.02/SDKTPLUS/HW_T2/gnu_434/lib/TRAP_TELIUM_PLUS.LIB(Telium_Reset_buf.o)
 .data          0x00200138        0x0 D:/SDKs/SDK11.16.4.02/SDKTPLUS/HW_T2/gnu_434/lib/TRAP_TELIUM_PLUS.LIB(Telium_Status.o)
 .data          0x00200138        0x0 D:/SDKs/SDK11.16.4.02/SDKTPLUS/HW_T2/gnu_434/lib/TRAP_TELIUM_PLUS.LIB(Telium_Stdperif.o)
 .data          0x00200138        0x0 D:/SDKs/SDK11.16.4.02/SDKTPLUS/HW_T2/gnu_434/lib/TRAP_TELIUM_PLUS.LIB(Telium_Ttestall.o)
 .data          0x00200138        0x0 D:/SDKs/SDK11.16.4.02/SDKTPLUS/HW_T2/gnu_434/lib/TRAP_TELIUM_PLUS.LIB(Telium_Vfprintf.o)
 .data          0x00200138        0x0 D:/SDKs/SDK11.16.4.02/SDKTPLUS/HW_T2/gnu_434/lib/TRAP_TELIUM_PLUS.LIB(Telium_Vsprintf.o)
 .data          0x00200138        0x0 D:/SDKs/SDK11.16.4.02/SDKTPLUS/HW_T2/gnu_434/lib/TRAP_TELIUM_PLUS.LIB(buzzer.o)
 .data          0x00200138        0x0 D:/SDKs/SDK11.16.4.02/SDKTPLUS/HW_T2/gnu_434/lib/TRAP_TELIUM_PLUS.LIB(first_init.o)
 .data          0x00200138        0x0 D:/SDKs/SDK11.16.4.02/SDKTPLUS/HW_T2/gnu_434/lib/TRAP_TELIUM_PLUS.LIB(raz_init.o)
 .data          0x00200138        0x0 D:/SDKs/SDK11.16.4.02/SDKTPLUS/HW_T2/gnu_434/lib/TRAP_TELIUM_PLUS.LIB(ufree.o)
 .data          0x00200138        0x0 D:/SDKs/SDK11.16.4.02/SDKTPLUS/HW_T2/gnu_434/lib/TRAP_TELIUM_PLUS.LIB(umalloc.o)
 .data          0x00200138        0x0 D:/SDKs/SDK11.16.4.02/SDKTPLUS/HW_T2/gnu_434/lib/TRAP_TELIUM_PLUS.LIB(urealloc.o)
 .data          0x00200138        0x0 D:/SDKs/SDK11.16.4.02/SDKTPLUS/HW_T2/gnu_434/lib/OSLAYER.LIB(OSL_Dll_Close.o)
 .data          0x00200138        0x0 D:/SDKs/SDK11.16.4.02/SDKTPLUS/HW_T2/gnu_434/lib/OSLAYER.LIB(OSL_Dll_GetSymbolByName.o)
 .data          0x00200138        0x0 D:/SDKs/SDK11.16.4.02/SDKTPLUS/HW_T2/gnu_434/lib/OSLAYER.LIB(OSL_Dll_OpenByAppliType.o)
 .data          0x00200138        0x0 D:/SDKs/SDK11.16.4.02/SDKTPLUS/HW_T2/gnu_434/lib/OSLAYER.LIB(OSL_TimeStp_ElapsedMs.o)
 .data          0x00200138        0x0 D:/SDKs/SDK11.16.4.02/SDKTPLUS/HW_T2/gnu_434/lib/OSLAYER.LIB(OSL_TimeStp_Now.o)
 *fill*         0x00200138        0x8 00
 .data          0x00200140       0x10 D:/SDKs/SDK11.16.4.02/SDKTPLUS/HW_T2/gnu_434/lib/GRAPHICLIB.LIB(GL_Button_Create.o)
 .data          0x00200150       0x10 D:/SDKs/SDK11.16.4.02/SDKTPLUS/HW_T2/gnu_434/lib/GRAPHICLIB.LIB(GL_Dialog_Amount.o)
 .data          0x00200160       0x10 D:/SDKs/SDK11.16.4.02/SDKTPLUS/HW_T2/gnu_434/lib/GRAPHICLIB.LIB(GL_Dialog_Menu.o)
 .data          0x00200170       0x10 D:/SDKs/SDK11.16.4.02/SDKTPLUS/HW_T2/gnu_434/lib/GRAPHICLIB.LIB(GL_Dialog_Message.o)
 .data          0x00200180       0x10 D:/SDKs/SDK11.16.4.02/SDKTPLUS/HW_T2/gnu_434/lib/GRAPHICLIB.LIB(GL_Dialog_Password.o)
 .data          0x00200190       0x10 D:/SDKs/SDK11.16.4.02/SDKTPLUS/HW_T2/gnu_434/lib/GRAPHICLIB.LIB(GL_Document_Create.o)
 .data          0x002001a0       0x10 D:/SDKs/SDK11.16.4.02/SDKTPLUS/HW_T2/gnu_434/lib/GRAPHICLIB.LIB(GL_Document_Print.o)
 .data          0x002001b0       0x10 D:/SDKs/SDK11.16.4.02/SDKTPLUS/HW_T2/gnu_434/lib/GRAPHICLIB.LIB(GL_Drawing_Clear.o)
 .data          0x002001c0       0x10 D:/SDKs/SDK11.16.4.02/SDKTPLUS/HW_T2/gnu_434/lib/GRAPHICLIB.LIB(GL_Drawing_Create.o)
 .data          0x002001d0       0x10 D:/SDKs/SDK11.16.4.02/SDKTPLUS/HW_T2/gnu_434/lib/GRAPHICLIB.LIB(GL_Drawing_DrawEllipse.o)
 .data          0x002001e0       0x10 D:/SDKs/SDK11.16.4.02/SDKTPLUS/HW_T2/gnu_434/lib/GRAPHICLIB.LIB(GL_Drawing_DrawLine.o)
 .data          0x002001f0       0x10 D:/SDKs/SDK11.16.4.02/SDKTPLUS/HW_T2/gnu_434/lib/GRAPHICLIB.LIB(GL_Drawing_DrawRect.o)
 .data          0x00200200       0x10 D:/SDKs/SDK11.16.4.02/SDKTPLUS/HW_T2/gnu_434/lib/GRAPHICLIB.LIB(GL_Drawing_DrawText.o)
 .data          0x00200210       0x10 D:/SDKs/SDK11.16.4.02/SDKTPLUS/HW_T2/gnu_434/lib/GRAPHICLIB.LIB(GL_Drawing_SetBrush.o)
 .data          0x00200220       0x10 D:/SDKs/SDK11.16.4.02/SDKTPLUS/HW_T2/gnu_434/lib/GRAPHICLIB.LIB(GL_Drawing_SetFont.o)
 .data          0x00200230       0x10 D:/SDKs/SDK11.16.4.02/SDKTPLUS/HW_T2/gnu_434/lib/GRAPHICLIB.LIB(GL_Drawing_SetPen.o)
 .data          0x00200240       0x10 D:/SDKs/SDK11.16.4.02/SDKTPLUS/HW_T2/gnu_434/lib/GRAPHICLIB.LIB(GL_GraphicLib_BindSingleKey.o)
 .data          0x00200250        0x4 D:/SDKs/SDK11.16.4.02/SDKTPLUS/HW_T2/gnu_434/lib/GRAPHICLIB.LIB(GL_GraphicLib_Create.o)
 *fill*         0x00200254        0xc 00
 .data          0x00200260       0x10 D:/SDKs/SDK11.16.4.02/SDKTPLUS/HW_T2/gnu_434/lib/GRAPHICLIB.LIB(GL_GraphicLib_IsTouchPresent.o)
 .data          0x00200270       0x10 D:/SDKs/SDK11.16.4.02/SDKTPLUS/HW_T2/gnu_434/lib/GRAPHICLIB.LIB(GL_GraphicLib_ReadResource.o)
 .data          0x00200280       0x10 D:/SDKs/SDK11.16.4.02/SDKTPLUS/HW_T2/gnu_434/lib/GRAPHICLIB.LIB(GL_GraphicLib_SetCharset.o)
 .data          0x00200290       0x10 D:/SDKs/SDK11.16.4.02/SDKTPLUS/HW_T2/gnu_434/lib/GRAPHICLIB.LIB(GL_GraphicLib_UnbindKey.o)
 .data          0x002002a0       0x10 D:/SDKs/SDK11.16.4.02/SDKTPLUS/HW_T2/gnu_434/lib/GRAPHICLIB.LIB(GL_Label_Create.o)
 .data          0x002002b0       0x10 D:/SDKs/SDK11.16.4.02/SDKTPLUS/HW_T2/gnu_434/lib/GRAPHICLIB.LIB(GL_Layout_Create.o)
 .data          0x002002c0       0x10 D:/SDKs/SDK11.16.4.02/SDKTPLUS/HW_T2/gnu_434/lib/GRAPHICLIB.LIB(GL_Message_GetKey.o)
 .data          0x002002d0       0x10 D:/SDKs/SDK11.16.4.02/SDKTPLUS/HW_T2/gnu_434/lib/GRAPHICLIB.LIB(GL_Message_GetWidget.o)
 .data          0x002002e0       0x10 D:/SDKs/SDK11.16.4.02/SDKTPLUS/HW_T2/gnu_434/lib/GRAPHICLIB.LIB(GL_Message_GetWindow.o)
 .data          0x002002f0       0x10 D:/SDKs/SDK11.16.4.02/SDKTPLUS/HW_T2/gnu_434/lib/GRAPHICLIB.LIB(GL_Message_SetResult.o)
 .data          0x00200300       0x10 D:/SDKs/SDK11.16.4.02/SDKTPLUS/HW_T2/gnu_434/lib/GRAPHICLIB.LIB(GL_Message_SetUserData.o)
 .data          0x00200310       0x10 D:/SDKs/SDK11.16.4.02/SDKTPLUS/HW_T2/gnu_434/lib/GRAPHICLIB.LIB(GL_Picture_Create.o)
 .data          0x00200320       0x10 D:/SDKs/SDK11.16.4.02/SDKTPLUS/HW_T2/gnu_434/lib/GRAPHICLIB.LIB(GL_Print_Create.o)
 .data          0x00200330       0x10 D:/SDKs/SDK11.16.4.02/SDKTPLUS/HW_T2/gnu_434/lib/GRAPHICLIB.LIB(GL_Timer_Create.o)
 .data          0x00200340       0x10 D:/SDKs/SDK11.16.4.02/SDKTPLUS/HW_T2/gnu_434/lib/GRAPHICLIB.LIB(GL_Timer_SetInterval.o)
 .data          0x00200350       0x10 D:/SDKs/SDK11.16.4.02/SDKTPLUS/HW_T2/gnu_434/lib/GRAPHICLIB.LIB(GL_Timer_Stop.o)
 .data          0x00200360       0x10 D:/SDKs/SDK11.16.4.02/SDKTPLUS/HW_T2/gnu_434/lib/GRAPHICLIB.LIB(GL_Widget_Destroy.o)
 .data          0x00200370       0x10 D:/SDKs/SDK11.16.4.02/SDKTPLUS/HW_T2/gnu_434/lib/GRAPHICLIB.LIB(GL_Widget_GetText.o)
 .data          0x00200380       0x10 D:/SDKs/SDK11.16.4.02/SDKTPLUS/HW_T2/gnu_434/lib/GRAPHICLIB.LIB(GL_Widget_GetUserData.o)
 .data          0x00200390       0x10 D:/SDKs/SDK11.16.4.02/SDKTPLUS/HW_T2/gnu_434/lib/GRAPHICLIB.LIB(GL_Widget_RegisterCallback.o)
 .data          0x002003a0       0x10 D:/SDKs/SDK11.16.4.02/SDKTPLUS/HW_T2/gnu_434/lib/GRAPHICLIB.LIB(GL_Widget_SearchId.o)
 .data          0x002003b0       0x10 D:/SDKs/SDK11.16.4.02/SDKTPLUS/HW_T2/gnu_434/lib/GRAPHICLIB.LIB(GL_Widget_SetBackAlign.o)
 .data          0x002003c0       0x10 D:/SDKs/SDK11.16.4.02/SDKTPLUS/HW_T2/gnu_434/lib/GRAPHICLIB.LIB(GL_Widget_SetBackColor.o)
 .data          0x002003d0       0x10 D:/SDKs/SDK11.16.4.02/SDKTPLUS/HW_T2/gnu_434/lib/GRAPHICLIB.LIB(GL_Widget_SetBorders.o)
 .data          0x002003e0       0x10 D:/SDKs/SDK11.16.4.02/SDKTPLUS/HW_T2/gnu_434/lib/GRAPHICLIB.LIB(GL_Widget_SetExpand.o)
 .data          0x002003f0       0x10 D:/SDKs/SDK11.16.4.02/SDKTPLUS/HW_T2/gnu_434/lib/GRAPHICLIB.LIB(GL_Widget_SetFocusable.o)
 .data          0x00200400       0x10 D:/SDKs/SDK11.16.4.02/SDKTPLUS/HW_T2/gnu_434/lib/GRAPHICLIB.LIB(GL_Widget_SetFontName.o)
 .data          0x00200410       0x10 D:/SDKs/SDK11.16.4.02/SDKTPLUS/HW_T2/gnu_434/lib/GRAPHICLIB.LIB(GL_Widget_SetFontScale.o)
 .data          0x00200420       0x10 D:/SDKs/SDK11.16.4.02/SDKTPLUS/HW_T2/gnu_434/lib/GRAPHICLIB.LIB(GL_Widget_SetFontStyle.o)
 .data          0x00200430       0x10 D:/SDKs/SDK11.16.4.02/SDKTPLUS/HW_T2/gnu_434/lib/GRAPHICLIB.LIB(GL_Widget_SetForeColor.o)
 .data          0x00200440       0x10 D:/SDKs/SDK11.16.4.02/SDKTPLUS/HW_T2/gnu_434/lib/GRAPHICLIB.LIB(GL_Widget_SetGrow.o)
 .data          0x00200450       0x10 D:/SDKs/SDK11.16.4.02/SDKTPLUS/HW_T2/gnu_434/lib/GRAPHICLIB.LIB(GL_Widget_SetId.o)
 .data          0x00200460       0x10 D:/SDKs/SDK11.16.4.02/SDKTPLUS/HW_T2/gnu_434/lib/GRAPHICLIB.LIB(GL_Widget_SetItem.o)
 .data          0x00200470       0x10 D:/SDKs/SDK11.16.4.02/SDKTPLUS/HW_T2/gnu_434/lib/GRAPHICLIB.LIB(GL_Widget_SetMargins.o)
 .data          0x00200480       0x10 D:/SDKs/SDK11.16.4.02/SDKTPLUS/HW_T2/gnu_434/lib/GRAPHICLIB.LIB(GL_Widget_SetMinSize.o)
 .data          0x00200490       0x10 D:/SDKs/SDK11.16.4.02/SDKTPLUS/HW_T2/gnu_434/lib/GRAPHICLIB.LIB(GL_Widget_SetShortcut.o)
 .data          0x002004a0       0x10 D:/SDKs/SDK11.16.4.02/SDKTPLUS/HW_T2/gnu_434/lib/GRAPHICLIB.LIB(GL_Widget_SetShrink.o)
 .data          0x002004b0       0x10 D:/SDKs/SDK11.16.4.02/SDKTPLUS/HW_T2/gnu_434/lib/GRAPHICLIB.LIB(GL_Widget_SetSize.o)
 .data          0x002004c0       0x10 D:/SDKs/SDK11.16.4.02/SDKTPLUS/HW_T2/gnu_434/lib/GRAPHICLIB.LIB(GL_Widget_SetSource.o)
 .data          0x002004d0       0x10 D:/SDKs/SDK11.16.4.02/SDKTPLUS/HW_T2/gnu_434/lib/GRAPHICLIB.LIB(GL_Widget_SetText.o)
 .data          0x002004e0       0x10 D:/SDKs/SDK11.16.4.02/SDKTPLUS/HW_T2/gnu_434/lib/GRAPHICLIB.LIB(GL_Widget_SetTextAlign.o)
 .data          0x002004f0       0x10 D:/SDKs/SDK11.16.4.02/SDKTPLUS/HW_T2/gnu_434/lib/GRAPHICLIB.LIB(GL_Widget_SetTextPaddings.o)
 .data          0x00200500       0x10 D:/SDKs/SDK11.16.4.02/SDKTPLUS/HW_T2/gnu_434/lib/GRAPHICLIB.LIB(GL_Widget_SetTransformation.o)
 .data          0x00200510       0x10 D:/SDKs/SDK11.16.4.02/SDKTPLUS/HW_T2/gnu_434/lib/GRAPHICLIB.LIB(GL_Widget_SetVisible.o)
 .data          0x00200520       0x10 D:/SDKs/SDK11.16.4.02/SDKTPLUS/HW_T2/gnu_434/lib/GRAPHICLIB.LIB(GL_Widget_SetWrap.o)
 .data          0x00200530       0x10 D:/SDKs/SDK11.16.4.02/SDKTPLUS/HW_T2/gnu_434/lib/GRAPHICLIB.LIB(GL_Widget_UnregisterCallback.o)
 .data          0x00200540       0x10 D:/SDKs/SDK11.16.4.02/SDKTPLUS/HW_T2/gnu_434/lib/GRAPHICLIB.LIB(GL_Window_Create.o)
 .data          0x00200550       0x10 D:/SDKs/SDK11.16.4.02/SDKTPLUS/HW_T2/gnu_434/lib/GRAPHICLIB.LIB(GL_Window_Dispatch.o)
 .data          0x00200560       0x10 D:/SDKs/SDK11.16.4.02/SDKTPLUS/HW_T2/gnu_434/lib/GRAPHICLIB.LIB(GL_Window_GetResult.o)
 .data          0x00200570       0x10 D:/SDKs/SDK11.16.4.02/SDKTPLUS/HW_T2/gnu_434/lib/GRAPHICLIB.LIB(GL_Window_MainLoop.o)
 .data          0x00200580       0x10 D:/SDKs/SDK11.16.4.02/SDKTPLUS/HW_T2/gnu_434/lib/GRAPHICLIB.LIB(GL_Window_PreviousFocus.o)
 .data          0x00200590        0x0 D:/SDKs/SDK11.16.4.02/SDKTPLUS/HW_T2/gnu_434/lib/GRAPHICLIB.LIB(GL_link.o)
 .data          0x00200590        0x0 D:/SDKs/SDK11.16.4.02/SDKTPLUS/HW_T2/gnu_434/lib/GRAPHICLIB.LIB(gl_asm_link.o)
 .data          0x00200590        0x0 D:/IngeDev_8.18.0.5/toolchains/gnuArm4/arm-elf/lib/thumb/soft/interwork/libc.a(lib_a-memcpy.o)
 .data          0x00200590        0x0 D:/IngeDev_8.18.0.5/toolchains/gnuArm4/arm-elf/lib/thumb/soft/interwork/libc.a(lib_a-memset.o)
 .data          0x00200590        0x0 D:/IngeDev_8.18.0.5/toolchains/gnuArm4/arm-elf/lib/thumb/soft/interwork/libc.a(lib_a-sscanf.o)
 .data          0x00200590        0x0 D:/IngeDev_8.18.0.5/toolchains/gnuArm4/arm-elf/lib/thumb/soft/interwork/libc.a(lib_a-stdio.o)
 .data          0x00200590        0x0 D:/IngeDev_8.18.0.5/toolchains/gnuArm4/arm-elf/lib/thumb/soft/interwork/libc.a(lib_a-strcat.o)
 .data          0x00200590        0x0 D:/IngeDev_8.18.0.5/toolchains/gnuArm4/arm-elf/lib/thumb/soft/interwork/libc.a(lib_a-strchr.o)
 .data          0x00200590        0x0 D:/IngeDev_8.18.0.5/toolchains/gnuArm4/arm-elf/lib/thumb/soft/interwork/libc.a(lib_a-strcpy.o)
 .data          0x00200590        0x0 D:/IngeDev_8.18.0.5/toolchains/gnuArm4/arm-elf/lib/thumb/soft/interwork/libc.a(lib_a-strlen.o)
 .data          0x00200590        0x0 D:/IngeDev_8.18.0.5/toolchains/gnuArm4/arm-elf/lib/thumb/soft/interwork/libc.a(lib_a-strncpy.o)
 .data          0x00200590        0x0 D:/IngeDev_8.18.0.5/toolchains/gnuArm4/arm-elf/lib/thumb/soft/interwork/libc.a(lib_a-svfscanf.o)
 .data          0x00200590        0x0 D:/IngeDev_8.18.0.5/toolchains/gnuArm4/arm-elf/lib/thumb/soft/interwork/libc.a(lib_a-writer.o)
 .data          0x00200590        0x0 D:/IngeDev_8.18.0.5/toolchains/gnuArm4/arm-elf/lib/thumb/soft/interwork/libc.a(lib_a-closer.o)
 .data          0x00200590        0x4 D:/IngeDev_8.18.0.5/toolchains/gnuArm4/arm-elf/lib/thumb/soft/interwork/libc.a(lib_a-ctype_.o)
                0x00200590                __ctype_ptr__
 .data          0x00200594        0x0 D:/IngeDev_8.18.0.5/toolchains/gnuArm4/arm-elf/lib/thumb/soft/interwork/libc.a(lib_a-findfp.o)
 .data          0x00200594        0x0 D:/IngeDev_8.18.0.5/toolchains/gnuArm4/arm-elf/lib/thumb/soft/interwork/libc.a(lib_a-fwalk.o)
 .data          0x00200594      0x428 D:/IngeDev_8.18.0.5/toolchains/gnuArm4/arm-elf/lib/thumb/soft/interwork/libc.a(lib_a-impure.o)
                0x00200594                _impure_ptr
 .data          0x002009bc        0x0 D:/IngeDev_8.18.0.5/toolchains/gnuArm4/arm-elf/lib/thumb/soft/interwork/libc.a(lib_a-iswspace.o)
 .data          0x002009bc       0x44 D:/IngeDev_8.18.0.5/toolchains/gnuArm4/arm-elf/lib/thumb/soft/interwork/libc.a(lib_a-locale.o)
                0x002009bc                __mb_cur_max
 .data          0x00200a00        0x0 D:/IngeDev_8.18.0.5/toolchains/gnuArm4/arm-elf/lib/thumb/soft/interwork/libc.a(lib_a-lseekr.o)
 .data          0x00200a00        0x0 D:/IngeDev_8.18.0.5/toolchains/gnuArm4/arm-elf/lib/thumb/soft/interwork/libc.a(lib_a-mbrtowc.o)
 .data          0x00200a00        0x4 D:/IngeDev_8.18.0.5/toolchains/gnuArm4/arm-elf/lib/thumb/soft/interwork/libc.a(lib_a-mbtowc_r.o)
                0x00200a00                __mbtowc
 .data          0x00200a04        0x0 D:/IngeDev_8.18.0.5/toolchains/gnuArm4/arm-elf/lib/thumb/soft/interwork/libc.a(lib_a-readr.o)
 .data          0x00200a04        0x0 D:/IngeDev_8.18.0.5/toolchains/gnuArm4/arm-elf/lib/thumb/soft/interwork/libc.a(lib_a-reent.o)
 .data          0x00200a04        0x0 D:/IngeDev_8.18.0.5/toolchains/gnuArm4/arm-elf/lib/thumb/soft/interwork/libc.a(lib_a-s_fpclassify.o)
 .data          0x00200a04        0x0 D:/IngeDev_8.18.0.5/toolchains/gnuArm4/arm-elf/lib/thumb/soft/interwork/libc.a(lib_a-sccl.o)
 .data          0x00200a04        0x0 D:/IngeDev_8.18.0.5/toolchains/gnuArm4/arm-elf/lib/thumb/soft/interwork/libc.a(lib_a-sf_nan.o)
 .data          0x00200a04        0x0 D:/IngeDev_8.18.0.5/toolchains/gnuArm4/arm-elf/lib/thumb/soft/interwork/libc.a(lib_a-strcmp.o)
 .data          0x00200a04       0x28 D:/IngeDev_8.18.0.5/toolchains/gnuArm4/arm-elf/lib/thumb/soft/interwork/libc.a(lib_a-strtod.o)
 .data          0x00200a2c        0x0 D:/IngeDev_8.18.0.5/toolchains/gnuArm4/arm-elf/lib/thumb/soft/interwork/libc.a(lib_a-strtol.o)
 .data          0x00200a2c        0x0 D:/IngeDev_8.18.0.5/toolchains/gnuArm4/arm-elf/lib/thumb/soft/interwork/libc.a(lib_a-strtoul.o)
 .data          0x00200a2c        0x0 D:/IngeDev_8.18.0.5/toolchains/gnuArm4/arm-elf/lib/thumb/soft/interwork/libc.a(lib_a-svfiscanf.o)
 .data          0x00200a2c        0x0 D:/IngeDev_8.18.0.5/toolchains/gnuArm4/arm-elf/lib/thumb/soft/interwork/libc.a(lib_a-syscalls.o)
 .data          0x00200a2c        0x0 D:/IngeDev_8.18.0.5/toolchains/gnuArm4/arm-elf/lib/thumb/soft/interwork/libc.a(lib_a-ungetc.o)
 .data          0x00200a2c        0x0 D:/IngeDev_8.18.0.5/toolchains/gnuArm4/arm-elf/lib/thumb/soft/interwork/libc.a(lib_a-errno.o)
 .data          0x00200a2c        0x0 D:/IngeDev_8.18.0.5/toolchains/gnuArm4/arm-elf/lib/thumb/soft/interwork/libc.a(lib_a-fclose.o)
 .data          0x00200a2c        0x0 D:/IngeDev_8.18.0.5/toolchains/gnuArm4/arm-elf/lib/thumb/soft/interwork/libc.a(lib_a-fflush.o)
 .data          0x00200a2c        0x0 D:/IngeDev_8.18.0.5/toolchains/gnuArm4/arm-elf/lib/thumb/soft/interwork/libc.a(lib_a-gdtoa-gethex.o)
 .data          0x00200a2c        0x0 D:/IngeDev_8.18.0.5/toolchains/gnuArm4/arm-elf/lib/thumb/soft/interwork/libc.a(lib_a-gdtoa-hexnan.o)
 .data          0x00200a2c        0x0 D:/IngeDev_8.18.0.5/toolchains/gnuArm4/arm-elf/lib/thumb/soft/interwork/libc.a(lib_a-mprec.o)
 .data          0x00200a2c        0x0 D:/IngeDev_8.18.0.5/toolchains/gnuArm4/arm-elf/lib/thumb/soft/interwork/libc.a(lib_a-strncmp.o)
 .data          0x00200a2c        0x0 D:/IngeDev_8.18.0.5/toolchains/gnuArm4/lib/gcc/arm-elf/4.3.4/thumb/soft/interwork/libgcc.a(_udivsi3.o)
 .data          0x00200a2c        0x0 D:/IngeDev_8.18.0.5/toolchains/gnuArm4/lib/gcc/arm-elf/4.3.4/thumb/soft/interwork/libgcc.a(_divsi3.o)
 .data          0x00200a2c        0x0 D:/IngeDev_8.18.0.5/toolchains/gnuArm4/lib/gcc/arm-elf/4.3.4/thumb/soft/interwork/libgcc.a(_umodsi3.o)
 .data          0x00200a2c        0x0 D:/IngeDev_8.18.0.5/toolchains/gnuArm4/lib/gcc/arm-elf/4.3.4/thumb/soft/interwork/libgcc.a(_modsi3.o)
 .data          0x00200a2c        0x0 D:/IngeDev_8.18.0.5/toolchains/gnuArm4/lib/gcc/arm-elf/4.3.4/thumb/soft/interwork/libgcc.a(_dvmd_tls.o)
 .data          0x00200a2c        0x0 D:/IngeDev_8.18.0.5/toolchains/gnuArm4/lib/gcc/arm-elf/4.3.4/thumb/soft/interwork/libgcc.a(_addsubdf3.o)
 .data          0x00200a2c        0x0 D:/IngeDev_8.18.0.5/toolchains/gnuArm4/lib/gcc/arm-elf/4.3.4/thumb/soft/interwork/libgcc.a(_muldivdf3.o)
 .data          0x00200a2c        0x0 D:/IngeDev_8.18.0.5/toolchains/gnuArm4/lib/gcc/arm-elf/4.3.4/thumb/soft/interwork/libgcc.a(_cmpdf2.o)
 .data          0x00200a2c        0x0 D:/IngeDev_8.18.0.5/toolchains/gnuArm4/lib/gcc/arm-elf/4.3.4/thumb/soft/interwork/libgcc.a(_fixdfsi.o)
 .data          0x00200a2c        0x0 D:/IngeDev_8.18.0.5/toolchains/gnuArm4/lib/gcc/arm-elf/4.3.4/thumb/soft/interwork/libgcc.a(_fixunsdfsi.o)
 .data          0x00200a2c        0x0 D:/IngeDev_8.18.0.5/toolchains/gnuArm4/lib/gcc/arm-elf/4.3.4/thumb/soft/interwork/libgcc.a(_truncdfsf2.o)
 .data          0x00200a2c        0x0 D:/SDKs/SDK11.16.4.02/SDKTPLUS/HW_T2/gnu_434/lib/TRAP_TELIUM_PLUS.LIB(upload_diagnostic_txt.o)
 *(.gnu.linkonce.d.*)
                0x00200a2c                __data_end = .

.bss            0x00200a2c      0x55c load address 0x000128b0
                0x00200a2c                __bss_start = .
 *(.bss .bss.*)
 .bss           0x00200a2c        0x0 D:/SDKs/SDK11.16.4.02/SDKTPLUS/HW_T2/gnu_434/startfiles/cstartupTplus.o
 .bss           0x00200a2c        0x0 D:/SDKs/SDK11.16.4.02/SDKTPLUS/HW_T2/gnu_434/startfiles/libcpatch.o
 .bss           0x00200a2c        0x0 Obj/GNU_ARM_DEBUG_T2/Main.o
 .bss           0x00200a2c       0x30 Obj/GNU_ARM_DEBUG_T2/Entry.o
                0x00200a2c                gGoalGraphicLibInstance
 .bss           0x00200a5c        0x8 Obj/GNU_ARM_DEBUG_T2/Menu.o
 .bss           0x00200a64        0x0 Obj/GNU_ARM_DEBUG_T2/DateScreen.o
 .bss           0x00200a64        0x0 Obj/GNU_ARM_DEBUG_T2/Utils.o
 .bss           0x00200a64       0x14 Obj/GNU_ARM_DEBUG_T2/Sales.o
                0x00200a70                returnVal
                0x00200a74                num
 .bss           0x00200a78        0x0 Obj/GNU_ARM_DEBUG_T2/BillPayment.o
 .bss           0x00200a78        0x0 Obj/GNU_ARM_DEBUG_T2/Cashback.o
 .bss           0x00200a78        0x0 Obj/GNU_ARM_DEBUG_T2/Goal.o
 .bss           0x00200a78        0x0 Obj/GNU_ARM_DEBUG_T2/SmartCard.o
 .bss           0x00200a78       0x20 Obj/GNU_ARM_DEBUG_T2/Timer.o
 .bss           0x00200a98        0x0 Obj/GNU_ARM_DEBUG_T2/Smarts.o
 .bss           0x00200a98        0x0 Obj/GNU_ARM_DEBUG_T2/Sale.o
 .bss           0x00200a98        0x0 D:/SDKs/SDK11.16.4.02/SDKTPLUS/HW_T2/gnu_434/lib/eft30tplus.lib(DisplayFooter.o)
 .bss           0x00200a98        0x0 D:/SDKs/SDK11.16.4.02/SDKTPLUS/HW_T2/gnu_434/lib/eft30tplus.lib(DisplayHeader.o)
 .bss           0x00200a98        0x0 D:/SDKs/SDK11.16.4.02/SDKTPLUS/HW_T2/gnu_434/lib/eft30tplus.lib(DisplayLeds.o)
 .bss           0x00200a98        0x0 D:/SDKs/SDK11.16.4.02/SDKTPLUS/HW_T2/gnu_434/lib/eft30tplus.lib(Telium_Read_date.o)
 .bss           0x00200a98        0x0 D:/SDKs/SDK11.16.4.02/SDKTPLUS/HW_T2/gnu_434/lib/eft30tplus.lib(IsColorDisplay.o)
 .bss           0x00200a98        0x0 D:/SDKs/SDK11.16.4.02/SDKTPLUS/HW_T2/gnu_434/lib/eft30tplus.lib(IsISO1.o)
 .bss           0x00200a98        0x0 D:/SDKs/SDK11.16.4.02/SDKTPLUS/HW_T2/gnu_434/lib/eft30tplus.lib(IsISO2.o)
 .bss           0x00200a98        0x0 D:/SDKs/SDK11.16.4.02/SDKTPLUS/HW_T2/gnu_434/lib/eft30tplus.lib(IsISO3.o)
 .bss           0x00200a98        0x0 D:/SDKs/SDK11.16.4.02/SDKTPLUS/HW_T2/gnu_434/lib/eft30tplus.lib(IsPrinter.o)
 .bss           0x00200a98        0x0 D:/SDKs/SDK11.16.4.02/SDKTPLUS/HW_T2/gnu_434/lib/eft30tplus.lib(Telium_ServiceRegister.o)
 .bss           0x00200a98        0x0 D:/SDKs/SDK11.16.4.02/SDKTPLUS/HW_T2/gnu_434/lib/eft30tplus.lib(Telium_Atoi.o)
 .bss           0x00200a98        0x0 D:/SDKs/SDK11.16.4.02/SDKTPLUS/HW_T2/gnu_434/lib/eft30tplus.lib(Telium_Pprintf.o)
 .bss           0x00200a98        0x0 D:/SDKs/SDK11.16.4.02/SDKTPLUS/HW_T2/gnu_434/lib/eft30tplus.lib(Telium_Stdprt.o)
 .bss           0x00200a98        0x0 D:/SDKs/SDK11.16.4.02/SDKTPLUS/HW_T2/gnu_434/lib/eft30tplus.lib(Telium_Sprintf.o)
 .bss           0x00200a98        0x0 D:/SDKs/SDK11.16.4.02/SDKTPLUS/HW_T2/gnu_434/lib/eft30tplus.lib(sprintf.o)
 .bss           0x00200a98        0x8 D:/SDKs/SDK11.16.4.02/SDKTPLUS/HW_T2/gnu_434/lib/eft30tplus.lib(extenstp1.o)
                0x00200a98                DllGetProcAddress3
                0x00200a9c                extens_Dll
 .bss           0x00200aa0        0x8 D:/SDKs/SDK11.16.4.02/SDKTPLUS/HW_T2/gnu_434/lib/eft30tplus.lib(toolstp1.o)
                0x00200aa0                toolsDll
                0x00200aa4                DllGetProcAddressTools
 .bss           0x00200aa8        0x0 D:/SDKs/SDK11.16.4.02/SDKTPLUS/HW_T2/gnu_434/lib/TRAP_TELIUM_PLUS.LIB(ApplicationGetCurrent.o)
 .bss           0x00200aa8        0x0 D:/SDKs/SDK11.16.4.02/SDKTPLUS/HW_T2/gnu_434/lib/TRAP_TELIUM_PLUS.LIB(FS_close.o)
 .bss           0x00200aa8        0x0 D:/SDKs/SDK11.16.4.02/SDKTPLUS/HW_T2/gnu_434/lib/TRAP_TELIUM_PLUS.LIB(FS_length.o)
 .bss           0x00200aa8        0x0 D:/SDKs/SDK11.16.4.02/SDKTPLUS/HW_T2/gnu_434/lib/TRAP_TELIUM_PLUS.LIB(FS_mount.o)
 .bss           0x00200aa8        0x0 D:/SDKs/SDK11.16.4.02/SDKTPLUS/HW_T2/gnu_434/lib/TRAP_TELIUM_PLUS.LIB(FS_open.o)
 .bss           0x00200aa8        0x0 D:/SDKs/SDK11.16.4.02/SDKTPLUS/HW_T2/gnu_434/lib/TRAP_TELIUM_PLUS.LIB(FS_read.o)
 .bss           0x00200aa8        0x0 D:/SDKs/SDK11.16.4.02/SDKTPLUS/HW_T2/gnu_434/lib/TRAP_TELIUM_PLUS.LIB(FS_unmount.o)
 .bss           0x00200aa8        0x0 D:/SDKs/SDK11.16.4.02/SDKTPLUS/HW_T2/gnu_434/lib/TRAP_TELIUM_PLUS.LIB(ObjectGetInfo.o)
 .bss           0x00200aa8        0x0 D:/SDKs/SDK11.16.4.02/SDKTPLUS/HW_T2/gnu_434/lib/TRAP_TELIUM_PLUS.LIB(Telium_EMV_apdu.o)
 .bss           0x00200aa8        0x0 D:/SDKs/SDK11.16.4.02/SDKTPLUS/HW_T2/gnu_434/lib/TRAP_TELIUM_PLUS.LIB(Telium_EMV_power_on.o)
 .bss           0x00200aa8        0x0 D:/SDKs/SDK11.16.4.02/SDKTPLUS/HW_T2/gnu_434/lib/TRAP_TELIUM_PLUS.LIB(Telium_Exit.o)
 .bss           0x00200aa8        0x0 D:/SDKs/SDK11.16.4.02/SDKTPLUS/HW_T2/gnu_434/lib/TRAP_TELIUM_PLUS.LIB(Telium_Fclose.o)
 .bss           0x00200aa8        0x0 D:/SDKs/SDK11.16.4.02/SDKTPLUS/HW_T2/gnu_434/lib/TRAP_TELIUM_PLUS.LIB(Telium_Fopen.o)
 .bss           0x00200aa8        0x0 D:/SDKs/SDK11.16.4.02/SDKTPLUS/HW_T2/gnu_434/lib/TRAP_TELIUM_PLUS.LIB(Telium_Is_iso1.o)
 .bss           0x00200aa8        0x0 D:/SDKs/SDK11.16.4.02/SDKTPLUS/HW_T2/gnu_434/lib/TRAP_TELIUM_PLUS.LIB(Telium_Is_iso2.o)
 .bss           0x00200aa8        0x0 D:/SDKs/SDK11.16.4.02/SDKTPLUS/HW_T2/gnu_434/lib/TRAP_TELIUM_PLUS.LIB(Telium_Is_iso3.o)
 .bss           0x00200aa8        0x0 D:/SDKs/SDK11.16.4.02/SDKTPLUS/HW_T2/gnu_434/lib/TRAP_TELIUM_PLUS.LIB(Telium_Power_down.o)
 .bss           0x00200aa8        0x0 D:/SDKs/SDK11.16.4.02/SDKTPLUS/HW_T2/gnu_434/lib/TRAP_TELIUM_PLUS.LIB(Telium_Reset_buf.o)
 .bss           0x00200aa8        0x0 D:/SDKs/SDK11.16.4.02/SDKTPLUS/HW_T2/gnu_434/lib/TRAP_TELIUM_PLUS.LIB(Telium_Status.o)
 .bss           0x00200aa8        0x0 D:/SDKs/SDK11.16.4.02/SDKTPLUS/HW_T2/gnu_434/lib/TRAP_TELIUM_PLUS.LIB(Telium_Stdperif.o)
 .bss           0x00200aa8        0x0 D:/SDKs/SDK11.16.4.02/SDKTPLUS/HW_T2/gnu_434/lib/TRAP_TELIUM_PLUS.LIB(Telium_Ttestall.o)
 .bss           0x00200aa8        0x0 D:/SDKs/SDK11.16.4.02/SDKTPLUS/HW_T2/gnu_434/lib/TRAP_TELIUM_PLUS.LIB(Telium_Vfprintf.o)
 .bss           0x00200aa8        0x0 D:/SDKs/SDK11.16.4.02/SDKTPLUS/HW_T2/gnu_434/lib/TRAP_TELIUM_PLUS.LIB(Telium_Vsprintf.o)
 .bss           0x00200aa8        0x0 D:/SDKs/SDK11.16.4.02/SDKTPLUS/HW_T2/gnu_434/lib/TRAP_TELIUM_PLUS.LIB(buzzer.o)
 .bss           0x00200aa8        0x0 D:/SDKs/SDK11.16.4.02/SDKTPLUS/HW_T2/gnu_434/lib/TRAP_TELIUM_PLUS.LIB(first_init.o)
 .bss           0x00200aa8        0x0 D:/SDKs/SDK11.16.4.02/SDKTPLUS/HW_T2/gnu_434/lib/TRAP_TELIUM_PLUS.LIB(raz_init.o)
 .bss           0x00200aa8        0x0 D:/SDKs/SDK11.16.4.02/SDKTPLUS/HW_T2/gnu_434/lib/TRAP_TELIUM_PLUS.LIB(ufree.o)
 .bss           0x00200aa8        0x0 D:/SDKs/SDK11.16.4.02/SDKTPLUS/HW_T2/gnu_434/lib/TRAP_TELIUM_PLUS.LIB(umalloc.o)
 .bss           0x00200aa8        0x0 D:/SDKs/SDK11.16.4.02/SDKTPLUS/HW_T2/gnu_434/lib/TRAP_TELIUM_PLUS.LIB(urealloc.o)
 .bss           0x00200aa8        0x0 D:/SDKs/SDK11.16.4.02/SDKTPLUS/HW_T2/gnu_434/lib/OSLAYER.LIB(OSL_Dll_Close.o)
 .bss           0x00200aa8        0x0 D:/SDKs/SDK11.16.4.02/SDKTPLUS/HW_T2/gnu_434/lib/OSLAYER.LIB(OSL_Dll_GetSymbolByName.o)
 .bss           0x00200aa8        0x0 D:/SDKs/SDK11.16.4.02/SDKTPLUS/HW_T2/gnu_434/lib/OSLAYER.LIB(OSL_Dll_OpenByAppliType.o)
 .bss           0x00200aa8        0x0 D:/SDKs/SDK11.16.4.02/SDKTPLUS/HW_T2/gnu_434/lib/OSLAYER.LIB(OSL_TimeStp_ElapsedMs.o)
 .bss           0x00200aa8        0x0 D:/SDKs/SDK11.16.4.02/SDKTPLUS/HW_T2/gnu_434/lib/OSLAYER.LIB(OSL_TimeStp_Now.o)
 .bss           0x00200aa8        0x0 D:/SDKs/SDK11.16.4.02/SDKTPLUS/HW_T2/gnu_434/lib/GRAPHICLIB.LIB(GL_Button_Create.o)
 .bss           0x00200aa8        0x0 D:/SDKs/SDK11.16.4.02/SDKTPLUS/HW_T2/gnu_434/lib/GRAPHICLIB.LIB(GL_Dialog_Amount.o)
 .bss           0x00200aa8        0x0 D:/SDKs/SDK11.16.4.02/SDKTPLUS/HW_T2/gnu_434/lib/GRAPHICLIB.LIB(GL_Dialog_Menu.o)
 .bss           0x00200aa8        0x0 D:/SDKs/SDK11.16.4.02/SDKTPLUS/HW_T2/gnu_434/lib/GRAPHICLIB.LIB(GL_Dialog_Message.o)
 .bss           0x00200aa8        0x0 D:/SDKs/SDK11.16.4.02/SDKTPLUS/HW_T2/gnu_434/lib/GRAPHICLIB.LIB(GL_Dialog_Password.o)
 .bss           0x00200aa8        0x0 D:/SDKs/SDK11.16.4.02/SDKTPLUS/HW_T2/gnu_434/lib/GRAPHICLIB.LIB(GL_Document_Create.o)
 .bss           0x00200aa8        0x0 D:/SDKs/SDK11.16.4.02/SDKTPLUS/HW_T2/gnu_434/lib/GRAPHICLIB.LIB(GL_Document_Print.o)
 .bss           0x00200aa8        0x0 D:/SDKs/SDK11.16.4.02/SDKTPLUS/HW_T2/gnu_434/lib/GRAPHICLIB.LIB(GL_Drawing_Clear.o)
 .bss           0x00200aa8        0x0 D:/SDKs/SDK11.16.4.02/SDKTPLUS/HW_T2/gnu_434/lib/GRAPHICLIB.LIB(GL_Drawing_Create.o)
 .bss           0x00200aa8        0x0 D:/SDKs/SDK11.16.4.02/SDKTPLUS/HW_T2/gnu_434/lib/GRAPHICLIB.LIB(GL_Drawing_DrawEllipse.o)
 .bss           0x00200aa8        0x0 D:/SDKs/SDK11.16.4.02/SDKTPLUS/HW_T2/gnu_434/lib/GRAPHICLIB.LIB(GL_Drawing_DrawLine.o)
 .bss           0x00200aa8        0x0 D:/SDKs/SDK11.16.4.02/SDKTPLUS/HW_T2/gnu_434/lib/GRAPHICLIB.LIB(GL_Drawing_DrawRect.o)
 .bss           0x00200aa8        0x0 D:/SDKs/SDK11.16.4.02/SDKTPLUS/HW_T2/gnu_434/lib/GRAPHICLIB.LIB(GL_Drawing_DrawText.o)
 .bss           0x00200aa8        0x0 D:/SDKs/SDK11.16.4.02/SDKTPLUS/HW_T2/gnu_434/lib/GRAPHICLIB.LIB(GL_Drawing_SetBrush.o)
 .bss           0x00200aa8        0x0 D:/SDKs/SDK11.16.4.02/SDKTPLUS/HW_T2/gnu_434/lib/GRAPHICLIB.LIB(GL_Drawing_SetFont.o)
 .bss           0x00200aa8        0x0 D:/SDKs/SDK11.16.4.02/SDKTPLUS/HW_T2/gnu_434/lib/GRAPHICLIB.LIB(GL_Drawing_SetPen.o)
 .bss           0x00200aa8        0x0 D:/SDKs/SDK11.16.4.02/SDKTPLUS/HW_T2/gnu_434/lib/GRAPHICLIB.LIB(GL_GraphicLib_BindSingleKey.o)
 .bss           0x00200aa8        0x4 D:/SDKs/SDK11.16.4.02/SDKTPLUS/HW_T2/gnu_434/lib/GRAPHICLIB.LIB(GL_GraphicLib_Create.o)
 .bss           0x00200aac        0x0 D:/SDKs/SDK11.16.4.02/SDKTPLUS/HW_T2/gnu_434/lib/GRAPHICLIB.LIB(GL_GraphicLib_IsTouchPresent.o)
 .bss           0x00200aac        0x0 D:/SDKs/SDK11.16.4.02/SDKTPLUS/HW_T2/gnu_434/lib/GRAPHICLIB.LIB(GL_GraphicLib_ReadResource.o)
 .bss           0x00200aac        0x0 D:/SDKs/SDK11.16.4.02/SDKTPLUS/HW_T2/gnu_434/lib/GRAPHICLIB.LIB(GL_GraphicLib_SetCharset.o)
 .bss           0x00200aac        0x0 D:/SDKs/SDK11.16.4.02/SDKTPLUS/HW_T2/gnu_434/lib/GRAPHICLIB.LIB(GL_GraphicLib_UnbindKey.o)
 .bss           0x00200aac        0x0 D:/SDKs/SDK11.16.4.02/SDKTPLUS/HW_T2/gnu_434/lib/GRAPHICLIB.LIB(GL_Label_Create.o)
 .bss           0x00200aac        0x0 D:/SDKs/SDK11.16.4.02/SDKTPLUS/HW_T2/gnu_434/lib/GRAPHICLIB.LIB(GL_Layout_Create.o)
 .bss           0x00200aac        0x0 D:/SDKs/SDK11.16.4.02/SDKTPLUS/HW_T2/gnu_434/lib/GRAPHICLIB.LIB(GL_Message_GetKey.o)
 .bss           0x00200aac        0x0 D:/SDKs/SDK11.16.4.02/SDKTPLUS/HW_T2/gnu_434/lib/GRAPHICLIB.LIB(GL_Message_GetWidget.o)
 .bss           0x00200aac        0x0 D:/SDKs/SDK11.16.4.02/SDKTPLUS/HW_T2/gnu_434/lib/GRAPHICLIB.LIB(GL_Message_GetWindow.o)
 .bss           0x00200aac        0x0 D:/SDKs/SDK11.16.4.02/SDKTPLUS/HW_T2/gnu_434/lib/GRAPHICLIB.LIB(GL_Message_SetResult.o)
 .bss           0x00200aac        0x0 D:/SDKs/SDK11.16.4.02/SDKTPLUS/HW_T2/gnu_434/lib/GRAPHICLIB.LIB(GL_Message_SetUserData.o)
 .bss           0x00200aac        0x0 D:/SDKs/SDK11.16.4.02/SDKTPLUS/HW_T2/gnu_434/lib/GRAPHICLIB.LIB(GL_Picture_Create.o)
 .bss           0x00200aac        0x0 D:/SDKs/SDK11.16.4.02/SDKTPLUS/HW_T2/gnu_434/lib/GRAPHICLIB.LIB(GL_Print_Create.o)
 .bss           0x00200aac        0x0 D:/SDKs/SDK11.16.4.02/SDKTPLUS/HW_T2/gnu_434/lib/GRAPHICLIB.LIB(GL_Timer_Create.o)
 .bss           0x00200aac        0x0 D:/SDKs/SDK11.16.4.02/SDKTPLUS/HW_T2/gnu_434/lib/GRAPHICLIB.LIB(GL_Timer_SetInterval.o)
 .bss           0x00200aac        0x0 D:/SDKs/SDK11.16.4.02/SDKTPLUS/HW_T2/gnu_434/lib/GRAPHICLIB.LIB(GL_Timer_Stop.o)
 .bss           0x00200aac        0x0 D:/SDKs/SDK11.16.4.02/SDKTPLUS/HW_T2/gnu_434/lib/GRAPHICLIB.LIB(GL_Widget_Destroy.o)
 .bss           0x00200aac        0x0 D:/SDKs/SDK11.16.4.02/SDKTPLUS/HW_T2/gnu_434/lib/GRAPHICLIB.LIB(GL_Widget_GetText.o)
 .bss           0x00200aac        0x0 D:/SDKs/SDK11.16.4.02/SDKTPLUS/HW_T2/gnu_434/lib/GRAPHICLIB.LIB(GL_Widget_GetUserData.o)
 .bss           0x00200aac        0x0 D:/SDKs/SDK11.16.4.02/SDKTPLUS/HW_T2/gnu_434/lib/GRAPHICLIB.LIB(GL_Widget_RegisterCallback.o)
 .bss           0x00200aac        0x0 D:/SDKs/SDK11.16.4.02/SDKTPLUS/HW_T2/gnu_434/lib/GRAPHICLIB.LIB(GL_Widget_SearchId.o)
 .bss           0x00200aac        0x0 D:/SDKs/SDK11.16.4.02/SDKTPLUS/HW_T2/gnu_434/lib/GRAPHICLIB.LIB(GL_Widget_SetBackAlign.o)
 .bss           0x00200aac        0x0 D:/SDKs/SDK11.16.4.02/SDKTPLUS/HW_T2/gnu_434/lib/GRAPHICLIB.LIB(GL_Widget_SetBackColor.o)
 .bss           0x00200aac        0x0 D:/SDKs/SDK11.16.4.02/SDKTPLUS/HW_T2/gnu_434/lib/GRAPHICLIB.LIB(GL_Widget_SetBorders.o)
 .bss           0x00200aac        0x0 D:/SDKs/SDK11.16.4.02/SDKTPLUS/HW_T2/gnu_434/lib/GRAPHICLIB.LIB(GL_Widget_SetExpand.o)
 .bss           0x00200aac        0x0 D:/SDKs/SDK11.16.4.02/SDKTPLUS/HW_T2/gnu_434/lib/GRAPHICLIB.LIB(GL_Widget_SetFocusable.o)
 .bss           0x00200aac        0x0 D:/SDKs/SDK11.16.4.02/SDKTPLUS/HW_T2/gnu_434/lib/GRAPHICLIB.LIB(GL_Widget_SetFontName.o)
 .bss           0x00200aac        0x0 D:/SDKs/SDK11.16.4.02/SDKTPLUS/HW_T2/gnu_434/lib/GRAPHICLIB.LIB(GL_Widget_SetFontScale.o)
 .bss           0x00200aac        0x0 D:/SDKs/SDK11.16.4.02/SDKTPLUS/HW_T2/gnu_434/lib/GRAPHICLIB.LIB(GL_Widget_SetFontStyle.o)
 .bss           0x00200aac        0x0 D:/SDKs/SDK11.16.4.02/SDKTPLUS/HW_T2/gnu_434/lib/GRAPHICLIB.LIB(GL_Widget_SetForeColor.o)
 .bss           0x00200aac        0x0 D:/SDKs/SDK11.16.4.02/SDKTPLUS/HW_T2/gnu_434/lib/GRAPHICLIB.LIB(GL_Widget_SetGrow.o)
 .bss           0x00200aac        0x0 D:/SDKs/SDK11.16.4.02/SDKTPLUS/HW_T2/gnu_434/lib/GRAPHICLIB.LIB(GL_Widget_SetId.o)
 .bss           0x00200aac        0x0 D:/SDKs/SDK11.16.4.02/SDKTPLUS/HW_T2/gnu_434/lib/GRAPHICLIB.LIB(GL_Widget_SetItem.o)
 .bss           0x00200aac        0x0 D:/SDKs/SDK11.16.4.02/SDKTPLUS/HW_T2/gnu_434/lib/GRAPHICLIB.LIB(GL_Widget_SetMargins.o)
 .bss           0x00200aac        0x0 D:/SDKs/SDK11.16.4.02/SDKTPLUS/HW_T2/gnu_434/lib/GRAPHICLIB.LIB(GL_Widget_SetMinSize.o)
 .bss           0x00200aac        0x0 D:/SDKs/SDK11.16.4.02/SDKTPLUS/HW_T2/gnu_434/lib/GRAPHICLIB.LIB(GL_Widget_SetShortcut.o)
 .bss           0x00200aac        0x0 D:/SDKs/SDK11.16.4.02/SDKTPLUS/HW_T2/gnu_434/lib/GRAPHICLIB.LIB(GL_Widget_SetShrink.o)
 .bss           0x00200aac        0x0 D:/SDKs/SDK11.16.4.02/SDKTPLUS/HW_T2/gnu_434/lib/GRAPHICLIB.LIB(GL_Widget_SetSize.o)
 .bss           0x00200aac        0x0 D:/SDKs/SDK11.16.4.02/SDKTPLUS/HW_T2/gnu_434/lib/GRAPHICLIB.LIB(GL_Widget_SetSource.o)
 .bss           0x00200aac        0x0 D:/SDKs/SDK11.16.4.02/SDKTPLUS/HW_T2/gnu_434/lib/GRAPHICLIB.LIB(GL_Widget_SetText.o)
 .bss           0x00200aac        0x0 D:/SDKs/SDK11.16.4.02/SDKTPLUS/HW_T2/gnu_434/lib/GRAPHICLIB.LIB(GL_Widget_SetTextAlign.o)
 .bss           0x00200aac        0x0 D:/SDKs/SDK11.16.4.02/SDKTPLUS/HW_T2/gnu_434/lib/GRAPHICLIB.LIB(GL_Widget_SetTextPaddings.o)
 .bss           0x00200aac        0x0 D:/SDKs/SDK11.16.4.02/SDKTPLUS/HW_T2/gnu_434/lib/GRAPHICLIB.LIB(GL_Widget_SetTransformation.o)
 .bss           0x00200aac        0x0 D:/SDKs/SDK11.16.4.02/SDKTPLUS/HW_T2/gnu_434/lib/GRAPHICLIB.LIB(GL_Widget_SetVisible.o)
 .bss           0x00200aac        0x0 D:/SDKs/SDK11.16.4.02/SDKTPLUS/HW_T2/gnu_434/lib/GRAPHICLIB.LIB(GL_Widget_SetWrap.o)
 .bss           0x00200aac        0x0 D:/SDKs/SDK11.16.4.02/SDKTPLUS/HW_T2/gnu_434/lib/GRAPHICLIB.LIB(GL_Widget_UnregisterCallback.o)
 .bss           0x00200aac        0x0 D:/SDKs/SDK11.16.4.02/SDKTPLUS/HW_T2/gnu_434/lib/GRAPHICLIB.LIB(GL_Window_Create.o)
 .bss           0x00200aac        0x0 D:/SDKs/SDK11.16.4.02/SDKTPLUS/HW_T2/gnu_434/lib/GRAPHICLIB.LIB(GL_Window_Dispatch.o)
 .bss           0x00200aac        0x0 D:/SDKs/SDK11.16.4.02/SDKTPLUS/HW_T2/gnu_434/lib/GRAPHICLIB.LIB(GL_Window_GetResult.o)
 .bss           0x00200aac        0x0 D:/SDKs/SDK11.16.4.02/SDKTPLUS/HW_T2/gnu_434/lib/GRAPHICLIB.LIB(GL_Window_MainLoop.o)
 .bss           0x00200aac        0x0 D:/SDKs/SDK11.16.4.02/SDKTPLUS/HW_T2/gnu_434/lib/GRAPHICLIB.LIB(GL_Window_PreviousFocus.o)
 .bss           0x00200aac        0x8 D:/SDKs/SDK11.16.4.02/SDKTPLUS/HW_T2/gnu_434/lib/GRAPHICLIB.LIB(GL_link.o)
 .bss           0x00200ab4        0x0 D:/SDKs/SDK11.16.4.02/SDKTPLUS/HW_T2/gnu_434/lib/GRAPHICLIB.LIB(gl_asm_link.o)
 .bss           0x00200ab4        0x0 D:/IngeDev_8.18.0.5/toolchains/gnuArm4/arm-elf/lib/thumb/soft/interwork/libc.a(lib_a-memcpy.o)
 .bss           0x00200ab4        0x0 D:/IngeDev_8.18.0.5/toolchains/gnuArm4/arm-elf/lib/thumb/soft/interwork/libc.a(lib_a-memset.o)
 .bss           0x00200ab4        0x0 D:/IngeDev_8.18.0.5/toolchains/gnuArm4/arm-elf/lib/thumb/soft/interwork/libc.a(lib_a-sscanf.o)
 .bss           0x00200ab4        0x0 D:/IngeDev_8.18.0.5/toolchains/gnuArm4/arm-elf/lib/thumb/soft/interwork/libc.a(lib_a-stdio.o)
 .bss           0x00200ab4        0x0 D:/IngeDev_8.18.0.5/toolchains/gnuArm4/arm-elf/lib/thumb/soft/interwork/libc.a(lib_a-strcat.o)
 .bss           0x00200ab4        0x0 D:/IngeDev_8.18.0.5/toolchains/gnuArm4/arm-elf/lib/thumb/soft/interwork/libc.a(lib_a-strchr.o)
 .bss           0x00200ab4        0x0 D:/IngeDev_8.18.0.5/toolchains/gnuArm4/arm-elf/lib/thumb/soft/interwork/libc.a(lib_a-strcpy.o)
 .bss           0x00200ab4        0x0 D:/IngeDev_8.18.0.5/toolchains/gnuArm4/arm-elf/lib/thumb/soft/interwork/libc.a(lib_a-strlen.o)
 .bss           0x00200ab4        0x0 D:/IngeDev_8.18.0.5/toolchains/gnuArm4/arm-elf/lib/thumb/soft/interwork/libc.a(lib_a-strncpy.o)
 .bss           0x00200ab4        0x0 D:/IngeDev_8.18.0.5/toolchains/gnuArm4/arm-elf/lib/thumb/soft/interwork/libc.a(lib_a-svfscanf.o)
 .bss           0x00200ab4        0x0 D:/IngeDev_8.18.0.5/toolchains/gnuArm4/arm-elf/lib/thumb/soft/interwork/libc.a(lib_a-writer.o)
 .bss           0x00200ab4        0x0 D:/IngeDev_8.18.0.5/toolchains/gnuArm4/arm-elf/lib/thumb/soft/interwork/libc.a(lib_a-closer.o)
 .bss           0x00200ab4        0x0 D:/IngeDev_8.18.0.5/toolchains/gnuArm4/arm-elf/lib/thumb/soft/interwork/libc.a(lib_a-ctype_.o)
 .bss           0x00200ab4        0x0 D:/IngeDev_8.18.0.5/toolchains/gnuArm4/arm-elf/lib/thumb/soft/interwork/libc.a(lib_a-findfp.o)
 .bss           0x00200ab4        0x0 D:/IngeDev_8.18.0.5/toolchains/gnuArm4/arm-elf/lib/thumb/soft/interwork/libc.a(lib_a-fwalk.o)
 .bss           0x00200ab4        0x0 D:/IngeDev_8.18.0.5/toolchains/gnuArm4/arm-elf/lib/thumb/soft/interwork/libc.a(lib_a-impure.o)
 .bss           0x00200ab4        0x0 D:/IngeDev_8.18.0.5/toolchains/gnuArm4/arm-elf/lib/thumb/soft/interwork/libc.a(lib_a-iswspace.o)
 .bss           0x00200ab4        0xc D:/IngeDev_8.18.0.5/toolchains/gnuArm4/arm-elf/lib/thumb/soft/interwork/libc.a(lib_a-locale.o)
                0x00200ab4                __nlocale_changed
                0x00200ab8                __mlocale_changed
                0x00200abc                _PathLocale
 .bss           0x00200ac0        0x0 D:/IngeDev_8.18.0.5/toolchains/gnuArm4/arm-elf/lib/thumb/soft/interwork/libc.a(lib_a-lseekr.o)
 .bss           0x00200ac0        0x0 D:/IngeDev_8.18.0.5/toolchains/gnuArm4/arm-elf/lib/thumb/soft/interwork/libc.a(lib_a-mbrtowc.o)
 .bss           0x00200ac0        0x0 D:/IngeDev_8.18.0.5/toolchains/gnuArm4/arm-elf/lib/thumb/soft/interwork/libc.a(lib_a-mbtowc_r.o)
 .bss           0x00200ac0        0x0 D:/IngeDev_8.18.0.5/toolchains/gnuArm4/arm-elf/lib/thumb/soft/interwork/libc.a(lib_a-readr.o)
 .bss           0x00200ac0        0x0 D:/IngeDev_8.18.0.5/toolchains/gnuArm4/arm-elf/lib/thumb/soft/interwork/libc.a(lib_a-reent.o)
 .bss           0x00200ac0        0x0 D:/IngeDev_8.18.0.5/toolchains/gnuArm4/arm-elf/lib/thumb/soft/interwork/libc.a(lib_a-s_fpclassify.o)
 .bss           0x00200ac0        0x0 D:/IngeDev_8.18.0.5/toolchains/gnuArm4/arm-elf/lib/thumb/soft/interwork/libc.a(lib_a-sccl.o)
 .bss           0x00200ac0        0x0 D:/IngeDev_8.18.0.5/toolchains/gnuArm4/arm-elf/lib/thumb/soft/interwork/libc.a(lib_a-sf_nan.o)
 .bss           0x00200ac0        0x0 D:/IngeDev_8.18.0.5/toolchains/gnuArm4/arm-elf/lib/thumb/soft/interwork/libc.a(lib_a-strcmp.o)
 .bss           0x00200ac0        0x0 D:/IngeDev_8.18.0.5/toolchains/gnuArm4/arm-elf/lib/thumb/soft/interwork/libc.a(lib_a-strtod.o)
 .bss           0x00200ac0        0x0 D:/IngeDev_8.18.0.5/toolchains/gnuArm4/arm-elf/lib/thumb/soft/interwork/libc.a(lib_a-strtol.o)
 .bss           0x00200ac0        0x0 D:/IngeDev_8.18.0.5/toolchains/gnuArm4/arm-elf/lib/thumb/soft/interwork/libc.a(lib_a-strtoul.o)
 .bss           0x00200ac0        0x0 D:/IngeDev_8.18.0.5/toolchains/gnuArm4/arm-elf/lib/thumb/soft/interwork/libc.a(lib_a-svfiscanf.o)
 .bss           0x00200ac0       0xb0 D:/IngeDev_8.18.0.5/toolchains/gnuArm4/arm-elf/lib/thumb/soft/interwork/libc.a(lib_a-syscalls.o)
 .bss           0x00200b70        0x0 D:/IngeDev_8.18.0.5/toolchains/gnuArm4/arm-elf/lib/thumb/soft/interwork/libc.a(lib_a-ungetc.o)
 .bss           0x00200b70        0x0 D:/IngeDev_8.18.0.5/toolchains/gnuArm4/arm-elf/lib/thumb/soft/interwork/libc.a(lib_a-errno.o)